<?xml version="1.0" encoding="utf-8"?>
<TestRun id="abda9eba-7a77-43cf-9fe6-9677f9c54857" name="sbereiziat@CLRPTP44P 2024-12-05 16:33:05" runUser="APSDIGIT\sbereiziat" xmlns="http://microsoft.com/schemas/VisualStudio/TeamTest/2010">
  <Times creation="2024-12-05T16:33:05.6841928+01:00" queuing="2024-12-05T16:33:05.6841932+01:00" start="2024-12-05T16:33:04.3399387+01:00" finish="2024-12-05T16:33:05.8381123+01:00" />
  <TestSettings name="default" id="270ec449-c695-4468-92f2-530dd1d152d9">
    <Deployment runDeploymentRoot="sbereiziat_CLRPTP44P_2024-12-05_16_33_05" />
  </TestSettings>
  <Results>
    <UnitTestResult executionId="d762c8b8-f07e-4e2b-84fe-6c952e1ecdf0" testId="3ca3c1e4-8ae2-0f9e-49fe-3f8d5e10dad4" testName="PositiveOddTest(7)" computerName="CLRPTP44P" duration="00:00:00.0006010" startTime="2024-12-05T16:33:05.5109031+01:00" endTime="2024-12-05T16:33:05.5115042+01:00" testType="13cdc9d9-ddb5-4fa4-a97d-d965ccfc6d4b" outcome="Failed" testListId="8c84fa94-04c1-424b-9868-57a2d4851a1d" relativeResultsDirectory="d762c8b8-f07e-4e2b-84fe-6c952e1ecdf0">
      <Output>
        <ErrorInfo>
          <Message>System.NotImplementedException : The method or operation is not implemented.</Message>
          <StackTrace>   at Katas.Session._01.EvenOddKata.EvenOrOdd(Int32 input) in C:\Users\sbereiziat\Source\Repos\dotnet-challenge-kata-session-01\Katas.Session.01\Katas.Session.01\EvenOddKata.cs:line 15&#xD;
   at Katas.Session._01.Test.EvenOddKataTest.PositiveOddTest(Int32 input) in C:\Users\sbereiziat\Source\Repos\dotnet-challenge-kata-session-01\Katas.Session.01\katas.session.01.test\EvenOddKataTest.cs:line 10&#xD;
   at InvokeStub_EvenOddKataTest.PositiveOddTest(Object, Span`1)&#xD;
   at System.Reflection.MethodBaseInvoker.InvokeWithOneArg(Object obj, BindingFlags invokeAttr, Binder binder, Object[] parameters, CultureInfo culture)
</StackTrace>
        </ErrorInfo>
      </Output>
    </UnitTestResult>
    <UnitTestResult executionId="04e1e179-e482-4fc9-acde-95383e55fd85" testId="e1258a44-2af4-f288-2335-cf3ebc46dab6" testName="ReverseWordTest(&quot;I am an expert at this&quot;,&quot;this at expert an am I&quot;)" computerName="CLRPTP44P" duration="00:00:00.0003289" startTime="2024-12-05T16:33:05.5239660+01:00" endTime="2024-12-05T16:33:05.5242947+01:00" testType="13cdc9d9-ddb5-4fa4-a97d-d965ccfc6d4b" outcome="Failed" testListId="8c84fa94-04c1-424b-9868-57a2d4851a1d" relativeResultsDirectory="04e1e179-e482-4fc9-acde-95383e55fd85">
      <Output>
        <ErrorInfo>
          <Message>System.NotImplementedException : The method or operation is not implemented.</Message>
          <StackTrace>   at Katas.Session._01.ReverseStringKata.ReverseWords(String input) in C:\Users\sbereiziat\Source\Repos\dotnet-challenge-kata-session-01\Katas.Session.01\Katas.Session.01\ReverseStringKata.cs:line 15&#xD;
   at Katas.Session._01.Test.ReverseStringKataTest.ReverseWordTest(String input, String expected) in C:\Users\sbereiziat\Source\Repos\dotnet-challenge-kata-session-01\Katas.Session.01\katas.session.01.test\ReverseStringKataTest.cs:line 15&#xD;
   at InvokeStub_ReverseStringKataTest.ReverseWordTest(Object, Span`1)&#xD;
   at System.Reflection.MethodBaseInvoker.InvokeWithFewArgs(Object obj, BindingFlags invokeAttr, Binder binder, Object[] parameters, CultureInfo culture)
</StackTrace>
        </ErrorInfo>
      </Output>
    </UnitTestResult>
    <UnitTestResult executionId="052a986c-ae82-4de1-87bd-9da7405085d5" testId="288450e0-cba2-d0b4-5940-ca946ab53c9d" testName="ComputeMinMaxTest(&quot;8 3 -5 42 -1 0 0 -9 4 7 4 -4&quot;,&quot;42 -9&quot;)" computerName="CLRPTP44P" duration="00:00:00.0006690" startTime="2024-12-05T16:33:05.5142243+01:00" endTime="2024-12-05T16:33:05.5148930+01:00" testType="13cdc9d9-ddb5-4fa4-a97d-d965ccfc6d4b" outcome="Failed" testListId="8c84fa94-04c1-424b-9868-57a2d4851a1d" relativeResultsDirectory="052a986c-ae82-4de1-87bd-9da7405085d5">
      <Output>
        <ErrorInfo>
          <Message>System.NotImplementedException : The method or operation is not implemented.</Message>
          <StackTrace>   at Katas.Session._01.MinMaxKata.ComputeMinMax(String input) in C:\Users\sbereiziat\Source\Repos\dotnet-challenge-kata-session-01\Katas.Session.01\Katas.Session.01\MinMaxKata.cs:line 17&#xD;
   at Katas.Session._01.Test.MinMaxKataTest.ComputeMinMaxTest(String input, String expected) in C:\Users\sbereiziat\Source\Repos\dotnet-challenge-kata-session-01\Katas.Session.01\katas.session.01.test\MinMaxKataTest.cs:line 14&#xD;
   at System.RuntimeMethodHandle.InvokeMethod(Object target, Void** arguments, Signature sig, Boolean isConstructor)&#xD;
   at System.Reflection.MethodBaseInvoker.InvokeDirectByRefWithFewArgs(Object obj, Span`1 copyOfArgs, BindingFlags invokeAttr)
</StackTrace>
        </ErrorInfo>
      </Output>
    </UnitTestResult>
    <UnitTestResult executionId="ebf8de3b-f5f3-4606-9f70-7a6d428c8389" testId="fc11d4de-b0d1-1c1d-68fe-caef1640c414" testName="SumMultiplesBelow(8,14)" computerName="CLRPTP44P" duration="00:00:00.0002480" startTime="2024-12-05T16:33:05.5218495+01:00" endTime="2024-12-05T16:33:05.5220973+01:00" testType="13cdc9d9-ddb5-4fa4-a97d-d965ccfc6d4b" outcome="Failed" testListId="8c84fa94-04c1-424b-9868-57a2d4851a1d" relativeResultsDirectory="ebf8de3b-f5f3-4606-9f70-7a6d428c8389">
      <Output>
        <ErrorInfo>
          <Message>System.NotImplementedException : The method or operation is not implemented.</Message>
          <StackTrace>   at Katas.Session._01.MultipleKata.SumMultiplesBelow(Int32 input) in C:\Users\sbereiziat\Source\Repos\dotnet-challenge-kata-session-01\Katas.Session.01\Katas.Session.01\MultipleKata.cs:line 17&#xD;
   at Katas.Session._01.Test.MultipleKataTest.SumMultiplesBelow(Int32 input, Int32 expected) in C:\Users\sbereiziat\Source\Repos\dotnet-challenge-kata-session-01\Katas.Session.01\katas.session.01.test\MultipleKataTest.cs:line 17&#xD;
   at InvokeStub_MultipleKataTest.SumMultiplesBelow(Object, Span`1)&#xD;
   at System.Reflection.MethodBaseInvoker.InvokeWithFewArgs(Object obj, BindingFlags invokeAttr, Binder binder, Object[] parameters, CultureInfo culture)
</StackTrace>
        </ErrorInfo>
      </Output>
    </UnitTestResult>
    <UnitTestResult executionId="f308f881-2af8-4c60-a0b6-a9f0dd73ccc7" testId="b0462b24-a432-4aa8-673b-28fb9bcd2cd2" testName="PositiveEvenTest(42)" computerName="CLRPTP44P" duration="00:00:00.0006230" startTime="2024-12-05T16:33:05.5097318+01:00" endTime="2024-12-05T16:33:05.5103541+01:00" testType="13cdc9d9-ddb5-4fa4-a97d-d965ccfc6d4b" outcome="Failed" testListId="8c84fa94-04c1-424b-9868-57a2d4851a1d" relativeResultsDirectory="f308f881-2af8-4c60-a0b6-a9f0dd73ccc7">
      <Output>
        <ErrorInfo>
          <Message>System.NotImplementedException : The method or operation is not implemented.</Message>
          <StackTrace>   at Katas.Session._01.EvenOddKata.EvenOrOdd(Int32 input) in C:\Users\sbereiziat\Source\Repos\dotnet-challenge-kata-session-01\Katas.Session.01\Katas.Session.01\EvenOddKata.cs:line 15&#xD;
   at Katas.Session._01.Test.EvenOddKataTest.PositiveEvenTest(Int32 input) in C:\Users\sbereiziat\Source\Repos\dotnet-challenge-kata-session-01\Katas.Session.01\katas.session.01.test\EvenOddKataTest.cs:line 17&#xD;
   at InvokeStub_EvenOddKataTest.PositiveEvenTest(Object, Span`1)&#xD;
   at System.Reflection.MethodBaseInvoker.InvokeWithOneArg(Object obj, BindingFlags invokeAttr, Binder binder, Object[] parameters, CultureInfo culture)
</StackTrace>
        </ErrorInfo>
      </Output>
    </UnitTestResult>
    <UnitTestResult executionId="03ed07ad-9cbf-45af-85a7-56dac6b247e7" testId="80b7bd27-8bec-73e1-d3fa-0c77ec12425e" testName="ComputeMinMaxTest(&quot;-33 68 15 52 -49&quot;,&quot;68 -49&quot;)" computerName="CLRPTP44P" duration="00:00:00.0006500" startTime="2024-12-05T16:33:05.5174641+01:00" endTime="2024-12-05T16:33:05.5181143+01:00" testType="13cdc9d9-ddb5-4fa4-a97d-d965ccfc6d4b" outcome="Failed" testListId="8c84fa94-04c1-424b-9868-57a2d4851a1d" relativeResultsDirectory="03ed07ad-9cbf-45af-85a7-56dac6b247e7">
      <Output>
        <ErrorInfo>
          <Message>System.NotImplementedException : The method or operation is not implemented.</Message>
          <StackTrace>   at Katas.Session._01.MinMaxKata.ComputeMinMax(String input) in C:\Users\sbereiziat\Source\Repos\dotnet-challenge-kata-session-01\Katas.Session.01\Katas.Session.01\MinMaxKata.cs:line 17&#xD;
   at Katas.Session._01.Test.MinMaxKataTest.ComputeMinMaxTest(String input, String expected) in C:\Users\sbereiziat\Source\Repos\dotnet-challenge-kata-session-01\Katas.Session.01\katas.session.01.test\MinMaxKataTest.cs:line 14&#xD;
   at InvokeStub_MinMaxKataTest.ComputeMinMaxTest(Object, Span`1)&#xD;
   at System.Reflection.MethodBaseInvoker.InvokeWithFewArgs(Object obj, BindingFlags invokeAttr, Binder binder, Object[] parameters, CultureInfo culture)
</StackTrace>
        </ErrorInfo>
      </Output>
    </UnitTestResult>
    <UnitTestResult executionId="740faea7-7e52-47f0-bcb6-4a6c8e255c8d" testId="47def0c6-3498-ef1e-0e9a-d4c16878107d" testName="ReverseWordTest(&quot;L'hymne de nos campagnes&quot;,&quot;campagnes nos de L'hymne&quot;)" computerName="CLRPTP44P" duration="00:00:00.0002090" startTime="2024-12-05T16:33:05.5251455+01:00" endTime="2024-12-05T16:33:05.5253543+01:00" testType="13cdc9d9-ddb5-4fa4-a97d-d965ccfc6d4b" outcome="Failed" testListId="8c84fa94-04c1-424b-9868-57a2d4851a1d" relativeResultsDirectory="740faea7-7e52-47f0-bcb6-4a6c8e255c8d">
      <Output>
        <ErrorInfo>
          <Message>System.NotImplementedException : The method or operation is not implemented.</Message>
          <StackTrace>   at Katas.Session._01.ReverseStringKata.ReverseWords(String input) in C:\Users\sbereiziat\Source\Repos\dotnet-challenge-kata-session-01\Katas.Session.01\Katas.Session.01\ReverseStringKata.cs:line 15&#xD;
   at Katas.Session._01.Test.ReverseStringKataTest.ReverseWordTest(String input, String expected) in C:\Users\sbereiziat\Source\Repos\dotnet-challenge-kata-session-01\Katas.Session.01\katas.session.01.test\ReverseStringKataTest.cs:line 15&#xD;
   at InvokeStub_ReverseStringKataTest.ReverseWordTest(Object, Span`1)&#xD;
   at System.Reflection.MethodBaseInvoker.InvokeWithFewArgs(Object obj, BindingFlags invokeAttr, Binder binder, Object[] parameters, CultureInfo culture)
</StackTrace>
        </ErrorInfo>
      </Output>
    </UnitTestResult>
    <UnitTestResult executionId="2ed37bf0-7173-4f53-a830-1fdda5745038" testId="b099626a-07ed-ca16-e547-15698d940428" testName="NegativeEvenTest(-2)" computerName="CLRPTP44P" duration="00:00:00.0183930" startTime="2024-12-05T16:33:05.4813660+01:00" endTime="2024-12-05T16:33:05.4996169+01:00" testType="13cdc9d9-ddb5-4fa4-a97d-d965ccfc6d4b" outcome="Failed" testListId="8c84fa94-04c1-424b-9868-57a2d4851a1d" relativeResultsDirectory="2ed37bf0-7173-4f53-a830-1fdda5745038">
      <Output>
        <ErrorInfo>
          <Message>System.NotImplementedException : The method or operation is not implemented.</Message>
          <StackTrace>   at Katas.Session._01.EvenOddKata.EvenOrOdd(Int32 input) in C:\Users\sbereiziat\Source\Repos\dotnet-challenge-kata-session-01\Katas.Session.01\Katas.Session.01\EvenOddKata.cs:line 15&#xD;
   at Katas.Session._01.Test.EvenOddKataTest.NegativeEvenTest(Int32 input) in C:\Users\sbereiziat\Source\Repos\dotnet-challenge-kata-session-01\Katas.Session.01\katas.session.01.test\EvenOddKataTest.cs:line 31&#xD;
   at System.RuntimeMethodHandle.InvokeMethod(Object target, Void** arguments, Signature sig, Boolean isConstructor)&#xD;
   at System.Reflection.MethodBaseInvoker.InvokeDirectByRefWithFewArgs(Object obj, Span`1 copyOfArgs, BindingFlags invokeAttr)
</StackTrace>
        </ErrorInfo>
      </Output>
    </UnitTestResult>
    <UnitTestResult executionId="06e6d373-07bf-47b1-96c9-71e2a6c6c1ef" testId="946cac8a-2444-db1c-b2a8-30349d43a95d" testName="SumMultiplesBelow(200,9168)" computerName="CLRPTP44P" duration="00:00:00.0002740" startTime="2024-12-05T16:33:05.5205101+01:00" endTime="2024-12-05T16:33:05.5207841+01:00" testType="13cdc9d9-ddb5-4fa4-a97d-d965ccfc6d4b" outcome="Failed" testListId="8c84fa94-04c1-424b-9868-57a2d4851a1d" relativeResultsDirectory="06e6d373-07bf-47b1-96c9-71e2a6c6c1ef">
      <Output>
        <ErrorInfo>
          <Message>System.NotImplementedException : The method or operation is not implemented.</Message>
          <StackTrace>   at Katas.Session._01.MultipleKata.SumMultiplesBelow(Int32 input) in C:\Users\sbereiziat\Source\Repos\dotnet-challenge-kata-session-01\Katas.Session.01\Katas.Session.01\MultipleKata.cs:line 17&#xD;
   at Katas.Session._01.Test.MultipleKataTest.SumMultiplesBelow(Int32 input, Int32 expected) in C:\Users\sbereiziat\Source\Repos\dotnet-challenge-kata-session-01\Katas.Session.01\katas.session.01.test\MultipleKataTest.cs:line 17&#xD;
   at InvokeStub_MultipleKataTest.SumMultiplesBelow(Object, Span`1)&#xD;
   at System.Reflection.MethodBaseInvoker.InvokeWithFewArgs(Object obj, BindingFlags invokeAttr, Binder binder, Object[] parameters, CultureInfo culture)
</StackTrace>
        </ErrorInfo>
      </Output>
    </UnitTestResult>
    <UnitTestResult executionId="1ffd73eb-58dd-4673-8495-ad41115f559d" testId="a23becaa-8844-8152-d67e-53559c04e557" testName="NegativeEvenTest(-42)" computerName="CLRPTP44P" duration="00:00:00.0011340" startTime="2024-12-05T16:33:05.5038812+01:00" endTime="2024-12-05T16:33:05.5050150+01:00" testType="13cdc9d9-ddb5-4fa4-a97d-d965ccfc6d4b" outcome="Failed" testListId="8c84fa94-04c1-424b-9868-57a2d4851a1d" relativeResultsDirectory="1ffd73eb-58dd-4673-8495-ad41115f559d">
      <Output>
        <ErrorInfo>
          <Message>System.NotImplementedException : The method or operation is not implemented.</Message>
          <StackTrace>   at Katas.Session._01.EvenOddKata.EvenOrOdd(Int32 input) in C:\Users\sbereiziat\Source\Repos\dotnet-challenge-kata-session-01\Katas.Session.01\Katas.Session.01\EvenOddKata.cs:line 15&#xD;
   at Katas.Session._01.Test.EvenOddKataTest.NegativeEvenTest(Int32 input) in C:\Users\sbereiziat\Source\Repos\dotnet-challenge-kata-session-01\Katas.Session.01\katas.session.01.test\EvenOddKataTest.cs:line 31&#xD;
   at InvokeStub_EvenOddKataTest.NegativeEvenTest(Object, Span`1)&#xD;
   at System.Reflection.MethodBaseInvoker.InvokeWithOneArg(Object obj, BindingFlags invokeAttr, Binder binder, Object[] parameters, CultureInfo culture)
</StackTrace>
        </ErrorInfo>
      </Output>
    </UnitTestResult>
    <UnitTestResult executionId="6d909b63-8cad-45ed-a2b1-d0deaaa86c69" testId="b3c6c7de-fdcd-64e4-0cb7-40ec699e9e54" testName="PositiveEvenTest(2)" computerName="CLRPTP44P" duration="00:00:00.0004450" startTime="2024-12-05T16:33:05.5092628+01:00" endTime="2024-12-05T16:33:05.5097079+01:00" testType="13cdc9d9-ddb5-4fa4-a97d-d965ccfc6d4b" outcome="Failed" testListId="8c84fa94-04c1-424b-9868-57a2d4851a1d" relativeResultsDirectory="6d909b63-8cad-45ed-a2b1-d0deaaa86c69">
      <Output>
        <ErrorInfo>
          <Message>System.NotImplementedException : The method or operation is not implemented.</Message>
          <StackTrace>   at Katas.Session._01.EvenOddKata.EvenOrOdd(Int32 input) in C:\Users\sbereiziat\Source\Repos\dotnet-challenge-kata-session-01\Katas.Session.01\Katas.Session.01\EvenOddKata.cs:line 15&#xD;
   at Katas.Session._01.Test.EvenOddKataTest.PositiveEvenTest(Int32 input) in C:\Users\sbereiziat\Source\Repos\dotnet-challenge-kata-session-01\Katas.Session.01\katas.session.01.test\EvenOddKataTest.cs:line 17&#xD;
   at System.RuntimeMethodHandle.InvokeMethod(Object target, Void** arguments, Signature sig, Boolean isConstructor)&#xD;
   at System.Reflection.MethodBaseInvoker.InvokeDirectByRefWithFewArgs(Object obj, Span`1 copyOfArgs, BindingFlags invokeAttr)
</StackTrace>
        </ErrorInfo>
      </Output>
    </UnitTestResult>
    <UnitTestResult executionId="fab2ad14-bae2-4348-8e5a-be17b035e5b3" testId="395c816a-8bde-585a-c184-e326b6a9ab73" testName="TestCase(&quot;tourista&quot;,4)" computerName="CLRPTP44P" duration="00:00:00.0001810" startTime="2024-12-05T16:33:05.5269449+01:00" endTime="2024-12-05T16:33:05.5271259+01:00" testType="13cdc9d9-ddb5-4fa4-a97d-d965ccfc6d4b" outcome="Failed" testListId="8c84fa94-04c1-424b-9868-57a2d4851a1d" relativeResultsDirectory="fab2ad14-bae2-4348-8e5a-be17b035e5b3">
      <Output>
        <ErrorInfo>
          <Message>System.NotImplementedException : The method or operation is not implemented.</Message>
          <StackTrace>   at Katas.Session._01.VowelsKata.CountVowels(String input) in C:\Users\sbereiziat\Source\Repos\dotnet-challenge-kata-session-01\Katas.Session.01\Katas.Session.01\VowelsKata.cs:line 16&#xD;
   at Katas.Session._01.Test.VowelsKataTest.TestCase(String input, Int32 expected) in C:\Users\sbereiziat\Source\Repos\dotnet-challenge-kata-session-01\Katas.Session.01\katas.session.01.test\VowelsKataTest.cs:line 14&#xD;
   at InvokeStub_VowelsKataTest.TestCase(Object, Span`1)&#xD;
   at System.Reflection.MethodBaseInvoker.InvokeWithFewArgs(Object obj, BindingFlags invokeAttr, Binder binder, Object[] parameters, CultureInfo culture)
</StackTrace>
        </ErrorInfo>
      </Output>
    </UnitTestResult>
    <UnitTestResult executionId="1546c648-44e1-499c-bdc7-92195adc30fe" testId="227cfdb0-700a-4835-7719-513f0523ef66" testName="TestCase(&quot;clignotement&quot;,4)" computerName="CLRPTP44P" duration="00:00:00.0004290" startTime="2024-12-05T16:33:05.5261354+01:00" endTime="2024-12-05T16:33:05.5265644+01:00" testType="13cdc9d9-ddb5-4fa4-a97d-d965ccfc6d4b" outcome="Failed" testListId="8c84fa94-04c1-424b-9868-57a2d4851a1d" relativeResultsDirectory="1546c648-44e1-499c-bdc7-92195adc30fe">
      <Output>
        <ErrorInfo>
          <Message>System.NotImplementedException : The method or operation is not implemented.</Message>
          <StackTrace>   at Katas.Session._01.VowelsKata.CountVowels(String input) in C:\Users\sbereiziat\Source\Repos\dotnet-challenge-kata-session-01\Katas.Session.01\Katas.Session.01\VowelsKata.cs:line 16&#xD;
   at Katas.Session._01.Test.VowelsKataTest.TestCase(String input, Int32 expected) in C:\Users\sbereiziat\Source\Repos\dotnet-challenge-kata-session-01\Katas.Session.01\katas.session.01.test\VowelsKataTest.cs:line 14&#xD;
   at InvokeStub_VowelsKataTest.TestCase(Object, Span`1)&#xD;
   at System.Reflection.MethodBaseInvoker.InvokeWithFewArgs(Object obj, BindingFlags invokeAttr, Binder binder, Object[] parameters, CultureInfo culture)
</StackTrace>
        </ErrorInfo>
      </Output>
    </UnitTestResult>
    <UnitTestResult executionId="246e2ae0-5a55-4611-ac7e-880038f26091" testId="40b625bb-e8d4-1859-67f4-86f1b245359e" testName="ComputeMinMaxTest(&quot;-21 -20 -6 70 -7&quot;,&quot;70 -21&quot;)" computerName="CLRPTP44P" duration="00:00:00.0004740" startTime="2024-12-05T16:33:05.5161656+01:00" endTime="2024-12-05T16:33:05.5166395+01:00" testType="13cdc9d9-ddb5-4fa4-a97d-d965ccfc6d4b" outcome="Failed" testListId="8c84fa94-04c1-424b-9868-57a2d4851a1d" relativeResultsDirectory="246e2ae0-5a55-4611-ac7e-880038f26091">
      <Output>
        <ErrorInfo>
          <Message>System.NotImplementedException : The method or operation is not implemented.</Message>
          <StackTrace>   at Katas.Session._01.MinMaxKata.ComputeMinMax(String input) in C:\Users\sbereiziat\Source\Repos\dotnet-challenge-kata-session-01\Katas.Session.01\Katas.Session.01\MinMaxKata.cs:line 17&#xD;
   at Katas.Session._01.Test.MinMaxKataTest.ComputeMinMaxTest(String input, String expected) in C:\Users\sbereiziat\Source\Repos\dotnet-challenge-kata-session-01\Katas.Session.01\katas.session.01.test\MinMaxKataTest.cs:line 14&#xD;
   at InvokeStub_MinMaxKataTest.ComputeMinMaxTest(Object, Span`1)&#xD;
   at System.Reflection.MethodBaseInvoker.InvokeWithFewArgs(Object obj, BindingFlags invokeAttr, Binder binder, Object[] parameters, CultureInfo culture)
</StackTrace>
        </ErrorInfo>
      </Output>
    </UnitTestResult>
    <UnitTestResult executionId="e3d3fcd2-9a22-4aa9-b19e-44bb98b33782" testId="63a19c50-ddb6-ead2-b1f1-403d96560d5d" testName="NegativeOddTest(-7)" computerName="CLRPTP44P" duration="00:00:00.0006710" startTime="2024-12-05T16:33:05.5084752+01:00" endTime="2024-12-05T16:33:05.5091454+01:00" testType="13cdc9d9-ddb5-4fa4-a97d-d965ccfc6d4b" outcome="Failed" testListId="8c84fa94-04c1-424b-9868-57a2d4851a1d" relativeResultsDirectory="e3d3fcd2-9a22-4aa9-b19e-44bb98b33782">
      <Output>
        <ErrorInfo>
          <Message>System.NotImplementedException : The method or operation is not implemented.</Message>
          <StackTrace>   at Katas.Session._01.EvenOddKata.EvenOrOdd(Int32 input) in C:\Users\sbereiziat\Source\Repos\dotnet-challenge-kata-session-01\Katas.Session.01\Katas.Session.01\EvenOddKata.cs:line 15&#xD;
   at Katas.Session._01.Test.EvenOddKataTest.NegativeOddTest(Int32 input) in C:\Users\sbereiziat\Source\Repos\dotnet-challenge-kata-session-01\Katas.Session.01\katas.session.01.test\EvenOddKataTest.cs:line 24&#xD;
   at InvokeStub_EvenOddKataTest.NegativeOddTest(Object, Span`1)&#xD;
   at System.Reflection.MethodBaseInvoker.InvokeWithOneArg(Object obj, BindingFlags invokeAttr, Binder binder, Object[] parameters, CultureInfo culture)
</StackTrace>
        </ErrorInfo>
      </Output>
    </UnitTestResult>
    <UnitTestResult executionId="8d03af59-0652-46ed-96c0-1fa46e550942" testId="a46ec870-a882-e175-b73d-4da54a764466" testName="SumMultiplesBelow(0,0)" computerName="CLRPTP44P" duration="00:00:00.0002610" startTime="2024-12-05T16:33:05.5207977+01:00" endTime="2024-12-05T16:33:05.5210591+01:00" testType="13cdc9d9-ddb5-4fa4-a97d-d965ccfc6d4b" outcome="Failed" testListId="8c84fa94-04c1-424b-9868-57a2d4851a1d" relativeResultsDirectory="8d03af59-0652-46ed-96c0-1fa46e550942">
      <Output>
        <ErrorInfo>
          <Message>System.NotImplementedException : The method or operation is not implemented.</Message>
          <StackTrace>   at Katas.Session._01.MultipleKata.SumMultiplesBelow(Int32 input) in C:\Users\sbereiziat\Source\Repos\dotnet-challenge-kata-session-01\Katas.Session.01\Katas.Session.01\MultipleKata.cs:line 17&#xD;
   at Katas.Session._01.Test.MultipleKataTest.SumMultiplesBelow(Int32 input, Int32 expected) in C:\Users\sbereiziat\Source\Repos\dotnet-challenge-kata-session-01\Katas.Session.01\katas.session.01.test\MultipleKataTest.cs:line 17&#xD;
   at InvokeStub_MultipleKataTest.SumMultiplesBelow(Object, Span`1)&#xD;
   at System.Reflection.MethodBaseInvoker.InvokeWithFewArgs(Object obj, BindingFlags invokeAttr, Binder binder, Object[] parameters, CultureInfo culture)
</StackTrace>
        </ErrorInfo>
      </Output>
    </UnitTestResult>
    <UnitTestResult executionId="435f30c9-e0cb-4948-b132-b78ededa0d91" testId="6eee214f-7716-45cb-53a1-48b743f4ebf3" testName="TestCase(&quot;transatlantique&quot;,6)" computerName="CLRPTP44P" duration="00:00:00.0005620" startTime="2024-12-05T16:33:05.5255580+01:00" endTime="2024-12-05T16:33:05.5261195+01:00" testType="13cdc9d9-ddb5-4fa4-a97d-d965ccfc6d4b" outcome="Failed" testListId="8c84fa94-04c1-424b-9868-57a2d4851a1d" relativeResultsDirectory="435f30c9-e0cb-4948-b132-b78ededa0d91">
      <Output>
        <ErrorInfo>
          <Message>System.NotImplementedException : The method or operation is not implemented.</Message>
          <StackTrace>   at Katas.Session._01.VowelsKata.CountVowels(String input) in C:\Users\sbereiziat\Source\Repos\dotnet-challenge-kata-session-01\Katas.Session.01\Katas.Session.01\VowelsKata.cs:line 16&#xD;
   at Katas.Session._01.Test.VowelsKataTest.TestCase(String input, Int32 expected) in C:\Users\sbereiziat\Source\Repos\dotnet-challenge-kata-session-01\Katas.Session.01\katas.session.01.test\VowelsKataTest.cs:line 14&#xD;
   at System.RuntimeMethodHandle.InvokeMethod(Object target, Void** arguments, Signature sig, Boolean isConstructor)&#xD;
   at System.Reflection.MethodBaseInvoker.InvokeDirectByRefWithFewArgs(Object obj, Span`1 copyOfArgs, BindingFlags invokeAttr)
</StackTrace>
        </ErrorInfo>
      </Output>
    </UnitTestResult>
    <UnitTestResult executionId="d5fbbb64-cdd4-4ad9-8fe7-0b8075854113" testId="f2e2bda2-ce51-4c1d-271f-71538a57d84d" testName="SumMultiplesBelow(-15,0)" computerName="CLRPTP44P" duration="00:00:00.0002520" startTime="2024-12-05T16:33:05.5215848+01:00" endTime="2024-12-05T16:33:05.5218371+01:00" testType="13cdc9d9-ddb5-4fa4-a97d-d965ccfc6d4b" outcome="Failed" testListId="8c84fa94-04c1-424b-9868-57a2d4851a1d" relativeResultsDirectory="d5fbbb64-cdd4-4ad9-8fe7-0b8075854113">
      <Output>
        <ErrorInfo>
          <Message>System.NotImplementedException : The method or operation is not implemented.</Message>
          <StackTrace>   at Katas.Session._01.MultipleKata.SumMultiplesBelow(Int32 input) in C:\Users\sbereiziat\Source\Repos\dotnet-challenge-kata-session-01\Katas.Session.01\Katas.Session.01\MultipleKata.cs:line 17&#xD;
   at Katas.Session._01.Test.MultipleKataTest.SumMultiplesBelow(Int32 input, Int32 expected) in C:\Users\sbereiziat\Source\Repos\dotnet-challenge-kata-session-01\Katas.Session.01\katas.session.01.test\MultipleKataTest.cs:line 17&#xD;
   at InvokeStub_MultipleKataTest.SumMultiplesBelow(Object, Span`1)&#xD;
   at System.Reflection.MethodBaseInvoker.InvokeWithFewArgs(Object obj, BindingFlags invokeAttr, Binder binder, Object[] parameters, CultureInfo culture)
</StackTrace>
        </ErrorInfo>
      </Output>
    </UnitTestResult>
    <UnitTestResult executionId="f778208b-5237-484d-9e41-bd04538156b0" testId="2c2d8b84-3f86-eb0e-1d49-87b351117c76" testName="ComputeMinMaxTest(&quot;92 8 70 30 12&quot;,&quot;92 8&quot;)" computerName="CLRPTP44P" duration="00:00:00.0007620" startTime="2024-12-05T16:33:05.5166636+01:00" endTime="2024-12-05T16:33:05.5174253+01:00" testType="13cdc9d9-ddb5-4fa4-a97d-d965ccfc6d4b" outcome="Failed" testListId="8c84fa94-04c1-424b-9868-57a2d4851a1d" relativeResultsDirectory="f778208b-5237-484d-9e41-bd04538156b0">
      <Output>
        <ErrorInfo>
          <Message>System.NotImplementedException : The method or operation is not implemented.</Message>
          <StackTrace>   at Katas.Session._01.MinMaxKata.ComputeMinMax(String input) in C:\Users\sbereiziat\Source\Repos\dotnet-challenge-kata-session-01\Katas.Session.01\Katas.Session.01\MinMaxKata.cs:line 17&#xD;
   at Katas.Session._01.Test.MinMaxKataTest.ComputeMinMaxTest(String input, String expected) in C:\Users\sbereiziat\Source\Repos\dotnet-challenge-kata-session-01\Katas.Session.01\katas.session.01.test\MinMaxKataTest.cs:line 14&#xD;
   at InvokeStub_MinMaxKataTest.ComputeMinMaxTest(Object, Span`1)&#xD;
   at System.Reflection.MethodBaseInvoker.InvokeWithFewArgs(Object obj, BindingFlags invokeAttr, Binder binder, Object[] parameters, CultureInfo culture)
</StackTrace>
        </ErrorInfo>
      </Output>
    </UnitTestResult>
    <UnitTestResult executionId="1c54a03c-5575-4f34-ad48-4d582590172f" testId="2c0cf768-31a7-f8a6-dd7d-dc118fb6523e" testName="TestCase(&quot;skyr&quot;,0)" computerName="CLRPTP44P" duration="00:00:00.0001600" startTime="2024-12-05T16:33:05.5267753+01:00" endTime="2024-12-05T16:33:05.5269357+01:00" testType="13cdc9d9-ddb5-4fa4-a97d-d965ccfc6d4b" outcome="Failed" testListId="8c84fa94-04c1-424b-9868-57a2d4851a1d" relativeResultsDirectory="1c54a03c-5575-4f34-ad48-4d582590172f">
      <Output>
        <ErrorInfo>
          <Message>System.NotImplementedException : The method or operation is not implemented.</Message>
          <StackTrace>   at Katas.Session._01.VowelsKata.CountVowels(String input) in C:\Users\sbereiziat\Source\Repos\dotnet-challenge-kata-session-01\Katas.Session.01\Katas.Session.01\VowelsKata.cs:line 16&#xD;
   at Katas.Session._01.Test.VowelsKataTest.TestCase(String input, Int32 expected) in C:\Users\sbereiziat\Source\Repos\dotnet-challenge-kata-session-01\Katas.Session.01\katas.session.01.test\VowelsKataTest.cs:line 14&#xD;
   at InvokeStub_VowelsKataTest.TestCase(Object, Span`1)&#xD;
   at System.Reflection.MethodBaseInvoker.InvokeWithFewArgs(Object obj, BindingFlags invokeAttr, Binder binder, Object[] parameters, CultureInfo culture)
</StackTrace>
        </ErrorInfo>
      </Output>
    </UnitTestResult>
    <UnitTestResult executionId="af9fa028-876d-4530-9a35-f36340f9c72f" testId="3d8dec6a-7eee-d6d7-1499-746332efeb14" testName="ComputeMinMaxTest(&quot;43 20 31 -45 93&quot;,&quot;93 -45&quot;)" computerName="CLRPTP44P" duration="00:00:00.0004450" startTime="2024-12-05T16:33:05.5156715+01:00" endTime="2024-12-05T16:33:05.5161157+01:00" testType="13cdc9d9-ddb5-4fa4-a97d-d965ccfc6d4b" outcome="Failed" testListId="8c84fa94-04c1-424b-9868-57a2d4851a1d" relativeResultsDirectory="af9fa028-876d-4530-9a35-f36340f9c72f">
      <Output>
        <ErrorInfo>
          <Message>System.NotImplementedException : The method or operation is not implemented.</Message>
          <StackTrace>   at Katas.Session._01.MinMaxKata.ComputeMinMax(String input) in C:\Users\sbereiziat\Source\Repos\dotnet-challenge-kata-session-01\Katas.Session.01\Katas.Session.01\MinMaxKata.cs:line 17&#xD;
   at Katas.Session._01.Test.MinMaxKataTest.ComputeMinMaxTest(String input, String expected) in C:\Users\sbereiziat\Source\Repos\dotnet-challenge-kata-session-01\Katas.Session.01\katas.session.01.test\MinMaxKataTest.cs:line 14&#xD;
   at InvokeStub_MinMaxKataTest.ComputeMinMaxTest(Object, Span`1)&#xD;
   at System.Reflection.MethodBaseInvoker.InvokeWithFewArgs(Object obj, BindingFlags invokeAttr, Binder binder, Object[] parameters, CultureInfo culture)
</StackTrace>
        </ErrorInfo>
      </Output>
    </UnitTestResult>
    <UnitTestResult executionId="2bf130a7-72d6-4e33-8cc2-ddc4c29aa297" testId="d30c91b2-fc8f-3067-b4a5-03536a4c161c" testName="ReverseWordTest(&quot;There. Hi&quot;,&quot;Hi There.&quot;)" computerName="CLRPTP44P" duration="00:00:00.0006110" startTime="2024-12-05T16:33:05.5233336+01:00" endTime="2024-12-05T16:33:05.5239448+01:00" testType="13cdc9d9-ddb5-4fa4-a97d-d965ccfc6d4b" outcome="Failed" testListId="8c84fa94-04c1-424b-9868-57a2d4851a1d" relativeResultsDirectory="2bf130a7-72d6-4e33-8cc2-ddc4c29aa297">
      <Output>
        <ErrorInfo>
          <Message>System.NotImplementedException : The method or operation is not implemented.</Message>
          <StackTrace>   at Katas.Session._01.ReverseStringKata.ReverseWords(String input) in C:\Users\sbereiziat\Source\Repos\dotnet-challenge-kata-session-01\Katas.Session.01\Katas.Session.01\ReverseStringKata.cs:line 15&#xD;
   at Katas.Session._01.Test.ReverseStringKataTest.ReverseWordTest(String input, String expected) in C:\Users\sbereiziat\Source\Repos\dotnet-challenge-kata-session-01\Katas.Session.01\katas.session.01.test\ReverseStringKataTest.cs:line 15&#xD;
   at InvokeStub_ReverseStringKataTest.ReverseWordTest(Object, Span`1)&#xD;
   at System.Reflection.MethodBaseInvoker.InvokeWithFewArgs(Object obj, BindingFlags invokeAttr, Binder binder, Object[] parameters, CultureInfo culture)
</StackTrace>
        </ErrorInfo>
      </Output>
    </UnitTestResult>
    <UnitTestResult executionId="afc47fe4-e92f-4988-84b7-a67a8c375593" testId="e28f2492-0aad-6fad-7143-714e599eada8" testName="SumMultiplesBelow(20,78)" computerName="CLRPTP44P" duration="00:00:00.0007000" startTime="2024-12-05T16:33:05.5197889+01:00" endTime="2024-12-05T16:33:05.5204887+01:00" testType="13cdc9d9-ddb5-4fa4-a97d-d965ccfc6d4b" outcome="Failed" testListId="8c84fa94-04c1-424b-9868-57a2d4851a1d" relativeResultsDirectory="afc47fe4-e92f-4988-84b7-a67a8c375593">
      <Output>
        <ErrorInfo>
          <Message>System.NotImplementedException : The method or operation is not implemented.</Message>
          <StackTrace>   at Katas.Session._01.MultipleKata.SumMultiplesBelow(Int32 input) in C:\Users\sbereiziat\Source\Repos\dotnet-challenge-kata-session-01\Katas.Session.01\Katas.Session.01\MultipleKata.cs:line 17&#xD;
   at Katas.Session._01.Test.MultipleKataTest.SumMultiplesBelow(Int32 input, Int32 expected) in C:\Users\sbereiziat\Source\Repos\dotnet-challenge-kata-session-01\Katas.Session.01\katas.session.01.test\MultipleKataTest.cs:line 17&#xD;
   at InvokeStub_MultipleKataTest.SumMultiplesBelow(Object, Span`1)&#xD;
   at System.Reflection.MethodBaseInvoker.InvokeWithFewArgs(Object obj, BindingFlags invokeAttr, Binder binder, Object[] parameters, CultureInfo culture)
</StackTrace>
        </ErrorInfo>
      </Output>
    </UnitTestResult>
    <UnitTestResult executionId="b5d28c1d-0ed2-475c-be6f-ba7817f10bc6" testId="fc361f04-2e77-9345-dc9a-c0ae25f353b0" testName="ReverseWordTest(&quot;thrones of game A&quot;,&quot;A game of thrones&quot;)" computerName="CLRPTP44P" duration="00:00:00.0002190" startTime="2024-12-05T16:33:05.5249158+01:00" endTime="2024-12-05T16:33:05.5251351+01:00" testType="13cdc9d9-ddb5-4fa4-a97d-d965ccfc6d4b" outcome="Failed" testListId="8c84fa94-04c1-424b-9868-57a2d4851a1d" relativeResultsDirectory="b5d28c1d-0ed2-475c-be6f-ba7817f10bc6">
      <Output>
        <ErrorInfo>
          <Message>System.NotImplementedException : The method or operation is not implemented.</Message>
          <StackTrace>   at Katas.Session._01.ReverseStringKata.ReverseWords(String input) in C:\Users\sbereiziat\Source\Repos\dotnet-challenge-kata-session-01\Katas.Session.01\Katas.Session.01\ReverseStringKata.cs:line 15&#xD;
   at Katas.Session._01.Test.ReverseStringKataTest.ReverseWordTest(String input, String expected) in C:\Users\sbereiziat\Source\Repos\dotnet-challenge-kata-session-01\Katas.Session.01\katas.session.01.test\ReverseStringKataTest.cs:line 15&#xD;
   at InvokeStub_ReverseStringKataTest.ReverseWordTest(Object, Span`1)&#xD;
   at System.Reflection.MethodBaseInvoker.InvokeWithFewArgs(Object obj, BindingFlags invokeAttr, Binder binder, Object[] parameters, CultureInfo culture)
</StackTrace>
        </ErrorInfo>
      </Output>
    </UnitTestResult>
    <UnitTestResult executionId="c35f6066-678e-465e-81ff-01359728b141" testId="3b358dac-a42d-0b47-7a51-d3cc4c3a3b0d" testName="SumMultiplesBelow(2,0)" computerName="CLRPTP44P" duration="00:00:00.0002380" startTime="2024-12-05T16:33:05.5213349+01:00" endTime="2024-12-05T16:33:05.5215724+01:00" testType="13cdc9d9-ddb5-4fa4-a97d-d965ccfc6d4b" outcome="Failed" testListId="8c84fa94-04c1-424b-9868-57a2d4851a1d" relativeResultsDirectory="c35f6066-678e-465e-81ff-01359728b141">
      <Output>
        <ErrorInfo>
          <Message>System.NotImplementedException : The method or operation is not implemented.</Message>
          <StackTrace>   at Katas.Session._01.MultipleKata.SumMultiplesBelow(Int32 input) in C:\Users\sbereiziat\Source\Repos\dotnet-challenge-kata-session-01\Katas.Session.01\Katas.Session.01\MultipleKata.cs:line 17&#xD;
   at Katas.Session._01.Test.MultipleKataTest.SumMultiplesBelow(Int32 input, Int32 expected) in C:\Users\sbereiziat\Source\Repos\dotnet-challenge-kata-session-01\Katas.Session.01\katas.session.01.test\MultipleKataTest.cs:line 17&#xD;
   at InvokeStub_MultipleKataTest.SumMultiplesBelow(Object, Span`1)&#xD;
   at System.Reflection.MethodBaseInvoker.InvokeWithFewArgs(Object obj, BindingFlags invokeAttr, Binder binder, Object[] parameters, CultureInfo culture)
</StackTrace>
        </ErrorInfo>
      </Output>
    </UnitTestResult>
    <UnitTestResult executionId="383f1e23-8344-4dd3-9852-cf7fcdaf2d9b" testId="52cf92fa-5962-b025-9ce0-9c62e763192b" testName="ReverseWordTest(&quot;Hello World&quot;,&quot;World Hello&quot;)" computerName="CLRPTP44P" duration="00:00:00.0006460" startTime="2024-12-05T16:33:05.5226647+01:00" endTime="2024-12-05T16:33:05.5233107+01:00" testType="13cdc9d9-ddb5-4fa4-a97d-d965ccfc6d4b" outcome="Failed" testListId="8c84fa94-04c1-424b-9868-57a2d4851a1d" relativeResultsDirectory="383f1e23-8344-4dd3-9852-cf7fcdaf2d9b">
      <Output>
        <ErrorInfo>
          <Message>System.NotImplementedException : The method or operation is not implemented.</Message>
          <StackTrace>   at Katas.Session._01.ReverseStringKata.ReverseWords(String input) in C:\Users\sbereiziat\Source\Repos\dotnet-challenge-kata-session-01\Katas.Session.01\Katas.Session.01\ReverseStringKata.cs:line 15&#xD;
   at Katas.Session._01.Test.ReverseStringKataTest.ReverseWordTest(String input, String expected) in C:\Users\sbereiziat\Source\Repos\dotnet-challenge-kata-session-01\Katas.Session.01\katas.session.01.test\ReverseStringKataTest.cs:line 15&#xD;
   at System.RuntimeMethodHandle.InvokeMethod(Object target, Void** arguments, Signature sig, Boolean isConstructor)&#xD;
   at System.Reflection.MethodBaseInvoker.InvokeDirectByRefWithFewArgs(Object obj, Span`1 copyOfArgs, BindingFlags invokeAttr)
</StackTrace>
        </ErrorInfo>
      </Output>
    </UnitTestResult>
    <UnitTestResult executionId="61f1c93b-14e7-4cd8-a9a1-916a31e32086" testId="21a33686-5f6a-6667-1f47-f4937c8e479b" testName="SumMultiplesBelow(10,23)" computerName="CLRPTP44P" duration="00:00:00.0008190" startTime="2024-12-05T16:33:05.5189469+01:00" endTime="2024-12-05T16:33:05.5197652+01:00" testType="13cdc9d9-ddb5-4fa4-a97d-d965ccfc6d4b" outcome="Failed" testListId="8c84fa94-04c1-424b-9868-57a2d4851a1d" relativeResultsDirectory="61f1c93b-14e7-4cd8-a9a1-916a31e32086">
      <Output>
        <ErrorInfo>
          <Message>System.NotImplementedException : The method or operation is not implemented.</Message>
          <StackTrace>   at Katas.Session._01.MultipleKata.SumMultiplesBelow(Int32 input) in C:\Users\sbereiziat\Source\Repos\dotnet-challenge-kata-session-01\Katas.Session.01\Katas.Session.01\MultipleKata.cs:line 17&#xD;
   at Katas.Session._01.Test.MultipleKataTest.SumMultiplesBelow(Int32 input, Int32 expected) in C:\Users\sbereiziat\Source\Repos\dotnet-challenge-kata-session-01\Katas.Session.01\katas.session.01.test\MultipleKataTest.cs:line 17&#xD;
   at System.RuntimeMethodHandle.InvokeMethod(Object target, Void** arguments, Signature sig, Boolean isConstructor)&#xD;
   at System.Reflection.MethodBaseInvoker.InvokeDirectByRefWithFewArgs(Object obj, Span`1 copyOfArgs, BindingFlags invokeAttr)
</StackTrace>
        </ErrorInfo>
      </Output>
    </UnitTestResult>
    <UnitTestResult executionId="39f16051-fb9c-441d-a54f-1e22ddb8f7e5" testId="1779f1ed-c5ee-385b-6688-665358a93321" testName="PositiveOddTest(1)" computerName="CLRPTP44P" duration="00:00:00.0004430" startTime="2024-12-05T16:33:05.5104397+01:00" endTime="2024-12-05T16:33:05.5108828+01:00" testType="13cdc9d9-ddb5-4fa4-a97d-d965ccfc6d4b" outcome="Failed" testListId="8c84fa94-04c1-424b-9868-57a2d4851a1d" relativeResultsDirectory="39f16051-fb9c-441d-a54f-1e22ddb8f7e5">
      <Output>
        <ErrorInfo>
          <Message>System.NotImplementedException : The method or operation is not implemented.</Message>
          <StackTrace>   at Katas.Session._01.EvenOddKata.EvenOrOdd(Int32 input) in C:\Users\sbereiziat\Source\Repos\dotnet-challenge-kata-session-01\Katas.Session.01\Katas.Session.01\EvenOddKata.cs:line 15&#xD;
   at Katas.Session._01.Test.EvenOddKataTest.PositiveOddTest(Int32 input) in C:\Users\sbereiziat\Source\Repos\dotnet-challenge-kata-session-01\Katas.Session.01\katas.session.01.test\EvenOddKataTest.cs:line 10&#xD;
   at System.RuntimeMethodHandle.InvokeMethod(Object target, Void** arguments, Signature sig, Boolean isConstructor)&#xD;
   at System.Reflection.MethodBaseInvoker.InvokeDirectByRefWithFewArgs(Object obj, Span`1 copyOfArgs, BindingFlags invokeAttr)
</StackTrace>
        </ErrorInfo>
      </Output>
    </UnitTestResult>
    <UnitTestResult executionId="3a6603fb-3809-4fb4-a806-8fcb4d03a400" testId="15e1d935-1f9d-54d1-c534-daaf22b6d97c" testName="SumMultiplesBelow(13,45)" computerName="CLRPTP44P" duration="00:00:00.0002440" startTime="2024-12-05T16:33:05.5221096+01:00" endTime="2024-12-05T16:33:05.5223535+01:00" testType="13cdc9d9-ddb5-4fa4-a97d-d965ccfc6d4b" outcome="Failed" testListId="8c84fa94-04c1-424b-9868-57a2d4851a1d" relativeResultsDirectory="3a6603fb-3809-4fb4-a806-8fcb4d03a400">
      <Output>
        <ErrorInfo>
          <Message>System.NotImplementedException : The method or operation is not implemented.</Message>
          <StackTrace>   at Katas.Session._01.MultipleKata.SumMultiplesBelow(Int32 input) in C:\Users\sbereiziat\Source\Repos\dotnet-challenge-kata-session-01\Katas.Session.01\Katas.Session.01\MultipleKata.cs:line 17&#xD;
   at Katas.Session._01.Test.MultipleKataTest.SumMultiplesBelow(Int32 input, Int32 expected) in C:\Users\sbereiziat\Source\Repos\dotnet-challenge-kata-session-01\Katas.Session.01\katas.session.01.test\MultipleKataTest.cs:line 17&#xD;
   at InvokeStub_MultipleKataTest.SumMultiplesBelow(Object, Span`1)&#xD;
   at System.Reflection.MethodBaseInvoker.InvokeWithFewArgs(Object obj, BindingFlags invokeAttr, Binder binder, Object[] parameters, CultureInfo culture)
</StackTrace>
        </ErrorInfo>
      </Output>
    </UnitTestResult>
    <UnitTestResult executionId="a4634954-07d4-43c0-88b5-a88beae1ea9a" testId="22b7b4d8-ec29-6183-842b-faa8aceeab54" testName="ComputeMinMaxTest(&quot;73 -28 -18 27 23 -36&quot;,&quot;73 -36&quot;)" computerName="CLRPTP44P" duration="00:00:00.0005019" startTime="2024-12-05T16:33:05.5181454+01:00" endTime="2024-12-05T16:33:05.5186469+01:00" testType="13cdc9d9-ddb5-4fa4-a97d-d965ccfc6d4b" outcome="Failed" testListId="8c84fa94-04c1-424b-9868-57a2d4851a1d" relativeResultsDirectory="a4634954-07d4-43c0-88b5-a88beae1ea9a">
      <Output>
        <ErrorInfo>
          <Message>System.NotImplementedException : The method or operation is not implemented.</Message>
          <StackTrace>   at Katas.Session._01.MinMaxKata.ComputeMinMax(String input) in C:\Users\sbereiziat\Source\Repos\dotnet-challenge-kata-session-01\Katas.Session.01\Katas.Session.01\MinMaxKata.cs:line 17&#xD;
   at Katas.Session._01.Test.MinMaxKataTest.ComputeMinMaxTest(String input, String expected) in C:\Users\sbereiziat\Source\Repos\dotnet-challenge-kata-session-01\Katas.Session.01\katas.session.01.test\MinMaxKataTest.cs:line 14&#xD;
   at InvokeStub_MinMaxKataTest.ComputeMinMaxTest(Object, Span`1)&#xD;
   at System.Reflection.MethodBaseInvoker.InvokeWithFewArgs(Object obj, BindingFlags invokeAttr, Binder binder, Object[] parameters, CultureInfo culture)
</StackTrace>
        </ErrorInfo>
      </Output>
    </UnitTestResult>
    <UnitTestResult executionId="70048539-59e6-42cb-b398-2aa3f98ffa81" testId="b340dc6f-9ffc-490c-e043-bf0f3c78db88" testName="NegativeOddTest(-1)" computerName="CLRPTP44P" duration="00:00:00.0005109" startTime="2024-12-05T16:33:05.5079427+01:00" endTime="2024-12-05T16:33:05.5084530+01:00" testType="13cdc9d9-ddb5-4fa4-a97d-d965ccfc6d4b" outcome="Failed" testListId="8c84fa94-04c1-424b-9868-57a2d4851a1d" relativeResultsDirectory="70048539-59e6-42cb-b398-2aa3f98ffa81">
      <Output>
        <ErrorInfo>
          <Message>System.NotImplementedException : The method or operation is not implemented.</Message>
          <StackTrace>   at Katas.Session._01.EvenOddKata.EvenOrOdd(Int32 input) in C:\Users\sbereiziat\Source\Repos\dotnet-challenge-kata-session-01\Katas.Session.01\Katas.Session.01\EvenOddKata.cs:line 15&#xD;
   at Katas.Session._01.Test.EvenOddKataTest.NegativeOddTest(Int32 input) in C:\Users\sbereiziat\Source\Repos\dotnet-challenge-kata-session-01\Katas.Session.01\katas.session.01.test\EvenOddKataTest.cs:line 24&#xD;
   at System.RuntimeMethodHandle.InvokeMethod(Object target, Void** arguments, Signature sig, Boolean isConstructor)&#xD;
   at System.Reflection.MethodBaseInvoker.InvokeDirectByRefWithFewArgs(Object obj, Span`1 copyOfArgs, BindingFlags invokeAttr)
</StackTrace>
        </ErrorInfo>
      </Output>
    </UnitTestResult>
    <UnitTestResult executionId="66d8a8ac-8ef9-487f-a97b-8a30ca18fd21" testId="982be789-f5fb-4b21-9a5c-727698cea1ca" testName="TestCase(&quot;rayon&quot;,2)" computerName="CLRPTP44P" duration="00:00:00.0001640" startTime="2024-12-05T16:33:05.5271368+01:00" endTime="2024-12-05T16:33:05.5273007+01:00" testType="13cdc9d9-ddb5-4fa4-a97d-d965ccfc6d4b" outcome="Failed" testListId="8c84fa94-04c1-424b-9868-57a2d4851a1d" relativeResultsDirectory="66d8a8ac-8ef9-487f-a97b-8a30ca18fd21">
      <Output>
        <ErrorInfo>
          <Message>System.NotImplementedException : The method or operation is not implemented.</Message>
          <StackTrace>   at Katas.Session._01.VowelsKata.CountVowels(String input) in C:\Users\sbereiziat\Source\Repos\dotnet-challenge-kata-session-01\Katas.Session.01\Katas.Session.01\VowelsKata.cs:line 16&#xD;
   at Katas.Session._01.Test.VowelsKataTest.TestCase(String input, Int32 expected) in C:\Users\sbereiziat\Source\Repos\dotnet-challenge-kata-session-01\Katas.Session.01\katas.session.01.test\VowelsKataTest.cs:line 14&#xD;
   at InvokeStub_VowelsKataTest.TestCase(Object, Span`1)&#xD;
   at System.Reflection.MethodBaseInvoker.InvokeWithFewArgs(Object obj, BindingFlags invokeAttr, Binder binder, Object[] parameters, CultureInfo culture)
</StackTrace>
        </ErrorInfo>
      </Output>
    </UnitTestResult>
    <UnitTestResult executionId="c0351359-2e0d-4926-bac8-81e163128765" testId="46e1b543-2c66-dabd-b76a-0374a9903dae" testName="ReverseWordTest(&quot;Yes we can!&quot;,&quot;can! we Yes&quot;)" computerName="CLRPTP44P" duration="00:00:00.0002980" startTime="2024-12-05T16:33:05.5243127+01:00" endTime="2024-12-05T16:33:05.5246107+01:00" testType="13cdc9d9-ddb5-4fa4-a97d-d965ccfc6d4b" outcome="Failed" testListId="8c84fa94-04c1-424b-9868-57a2d4851a1d" relativeResultsDirectory="c0351359-2e0d-4926-bac8-81e163128765">
      <Output>
        <ErrorInfo>
          <Message>System.NotImplementedException : The method or operation is not implemented.</Message>
          <StackTrace>   at Katas.Session._01.ReverseStringKata.ReverseWords(String input) in C:\Users\sbereiziat\Source\Repos\dotnet-challenge-kata-session-01\Katas.Session.01\Katas.Session.01\ReverseStringKata.cs:line 15&#xD;
   at Katas.Session._01.Test.ReverseStringKataTest.ReverseWordTest(String input, String expected) in C:\Users\sbereiziat\Source\Repos\dotnet-challenge-kata-session-01\Katas.Session.01\katas.session.01.test\ReverseStringKataTest.cs:line 15&#xD;
   at InvokeStub_ReverseStringKataTest.ReverseWordTest(Object, Span`1)&#xD;
   at System.Reflection.MethodBaseInvoker.InvokeWithFewArgs(Object obj, BindingFlags invokeAttr, Binder binder, Object[] parameters, CultureInfo culture)
</StackTrace>
        </ErrorInfo>
      </Output>
    </UnitTestResult>
    <UnitTestResult executionId="3d6b80f5-07b3-4489-bf7c-c5108e8146c8" testId="70f596d3-083a-01db-aabf-4ab5a6a1f62b" testName="ReverseWordTest(&quot;survive to Drive&quot;,&quot;Drive to survive&quot;)" computerName="CLRPTP44P" duration="00:00:00.0002790" startTime="2024-12-05T16:33:05.5246253+01:00" endTime="2024-12-05T16:33:05.5249046+01:00" testType="13cdc9d9-ddb5-4fa4-a97d-d965ccfc6d4b" outcome="Failed" testListId="8c84fa94-04c1-424b-9868-57a2d4851a1d" relativeResultsDirectory="3d6b80f5-07b3-4489-bf7c-c5108e8146c8">
      <Output>
        <ErrorInfo>
          <Message>System.NotImplementedException : The method or operation is not implemented.</Message>
          <StackTrace>   at Katas.Session._01.ReverseStringKata.ReverseWords(String input) in C:\Users\sbereiziat\Source\Repos\dotnet-challenge-kata-session-01\Katas.Session.01\Katas.Session.01\ReverseStringKata.cs:line 15&#xD;
   at Katas.Session._01.Test.ReverseStringKataTest.ReverseWordTest(String input, String expected) in C:\Users\sbereiziat\Source\Repos\dotnet-challenge-kata-session-01\Katas.Session.01\katas.session.01.test\ReverseStringKataTest.cs:line 15&#xD;
   at InvokeStub_ReverseStringKataTest.ReverseWordTest(Object, Span`1)&#xD;
   at System.Reflection.MethodBaseInvoker.InvokeWithFewArgs(Object obj, BindingFlags invokeAttr, Binder binder, Object[] parameters, CultureInfo culture)
</StackTrace>
        </ErrorInfo>
      </Output>
    </UnitTestResult>
    <UnitTestResult executionId="3045af42-45b5-4ae5-85e3-ea7114ff187f" testId="627c1473-3190-fed7-4956-baa8983d7cff" testName="ZeroIsEvenTest" computerName="CLRPTP44P" duration="00:00:00.0005010" startTime="2024-12-05T16:33:05.5115593+01:00" endTime="2024-12-05T16:33:05.5120599+01:00" testType="13cdc9d9-ddb5-4fa4-a97d-d965ccfc6d4b" outcome="Failed" testListId="8c84fa94-04c1-424b-9868-57a2d4851a1d" relativeResultsDirectory="3045af42-45b5-4ae5-85e3-ea7114ff187f">
      <Output>
        <ErrorInfo>
          <Message>System.NotImplementedException : The method or operation is not implemented.</Message>
          <StackTrace>   at Katas.Session._01.EvenOddKata.EvenOrOdd(Int32 input) in C:\Users\sbereiziat\Source\Repos\dotnet-challenge-kata-session-01\Katas.Session.01\Katas.Session.01\EvenOddKata.cs:line 15&#xD;
   at Katas.Session._01.Test.EvenOddKataTest.ZeroIsEvenTest() in C:\Users\sbereiziat\Source\Repos\dotnet-challenge-kata-session-01\Katas.Session.01\katas.session.01.test\EvenOddKataTest.cs:line 37&#xD;
   at System.RuntimeMethodHandle.InvokeMethod(Object target, Void** arguments, Signature sig, Boolean isConstructor)&#xD;
   at System.Reflection.MethodBaseInvoker.InvokeWithNoArgs(Object obj, BindingFlags invokeAttr)
</StackTrace>
        </ErrorInfo>
      </Output>
    </UnitTestResult>
    <UnitTestResult executionId="ce9f26e2-6bc7-425e-9096-f842b50ed954" testId="6d5f6542-de52-3c25-65b1-c5d75cf46226" testName="TestCase(&quot;chandail&quot;,3)" computerName="CLRPTP44P" duration="00:00:00.0001820" startTime="2024-12-05T16:33:05.5265834+01:00" endTime="2024-12-05T16:33:05.5267651+01:00" testType="13cdc9d9-ddb5-4fa4-a97d-d965ccfc6d4b" outcome="Failed" testListId="8c84fa94-04c1-424b-9868-57a2d4851a1d" relativeResultsDirectory="ce9f26e2-6bc7-425e-9096-f842b50ed954">
      <Output>
        <ErrorInfo>
          <Message>System.NotImplementedException : The method or operation is not implemented.</Message>
          <StackTrace>   at Katas.Session._01.VowelsKata.CountVowels(String input) in C:\Users\sbereiziat\Source\Repos\dotnet-challenge-kata-session-01\Katas.Session.01\Katas.Session.01\VowelsKata.cs:line 16&#xD;
   at Katas.Session._01.Test.VowelsKataTest.TestCase(String input, Int32 expected) in C:\Users\sbereiziat\Source\Repos\dotnet-challenge-kata-session-01\Katas.Session.01\katas.session.01.test\VowelsKataTest.cs:line 14&#xD;
   at InvokeStub_VowelsKataTest.TestCase(Object, Span`1)&#xD;
   at System.Reflection.MethodBaseInvoker.InvokeWithFewArgs(Object obj, BindingFlags invokeAttr, Binder binder, Object[] parameters, CultureInfo culture)
</StackTrace>
        </ErrorInfo>
      </Output>
    </UnitTestResult>
    <UnitTestResult executionId="6bd9a935-9bde-4175-8e4b-70250f639c7d" testId="f77d222a-3348-27d1-c187-6e3f9f0b520c" testName="SumMultiplesBelow(15,45)" computerName="CLRPTP44P" duration="00:00:00.0002520" startTime="2024-12-05T16:33:05.5210722+01:00" endTime="2024-12-05T16:33:05.5213237+01:00" testType="13cdc9d9-ddb5-4fa4-a97d-d965ccfc6d4b" outcome="Failed" testListId="8c84fa94-04c1-424b-9868-57a2d4851a1d" relativeResultsDirectory="6bd9a935-9bde-4175-8e4b-70250f639c7d">
      <Output>
        <ErrorInfo>
          <Message>System.NotImplementedException : The method or operation is not implemented.</Message>
          <StackTrace>   at Katas.Session._01.MultipleKata.SumMultiplesBelow(Int32 input) in C:\Users\sbereiziat\Source\Repos\dotnet-challenge-kata-session-01\Katas.Session.01\Katas.Session.01\MultipleKata.cs:line 17&#xD;
   at Katas.Session._01.Test.MultipleKataTest.SumMultiplesBelow(Int32 input, Int32 expected) in C:\Users\sbereiziat\Source\Repos\dotnet-challenge-kata-session-01\Katas.Session.01\katas.session.01.test\MultipleKataTest.cs:line 17&#xD;
   at InvokeStub_MultipleKataTest.SumMultiplesBelow(Object, Span`1)&#xD;
   at System.Reflection.MethodBaseInvoker.InvokeWithFewArgs(Object obj, BindingFlags invokeAttr, Binder binder, Object[] parameters, CultureInfo culture)
</StackTrace>
        </ErrorInfo>
      </Output>
    </UnitTestResult>
    <UnitTestResult executionId="12495817-51cf-480a-bc67-5cb26fe4e12a" testId="a08c30b3-b67c-808a-b83c-32648d07de90" testName="ComputeMinMaxTest(&quot;1 2 3&quot;,&quot;3 1&quot;)" computerName="CLRPTP44P" duration="00:00:00.0007249" startTime="2024-12-05T16:33:05.5149186+01:00" endTime="2024-12-05T16:33:05.5156431+01:00" testType="13cdc9d9-ddb5-4fa4-a97d-d965ccfc6d4b" outcome="Failed" testListId="8c84fa94-04c1-424b-9868-57a2d4851a1d" relativeResultsDirectory="12495817-51cf-480a-bc67-5cb26fe4e12a">
      <Output>
        <ErrorInfo>
          <Message>System.NotImplementedException : The method or operation is not implemented.</Message>
          <StackTrace>   at Katas.Session._01.MinMaxKata.ComputeMinMax(String input) in C:\Users\sbereiziat\Source\Repos\dotnet-challenge-kata-session-01\Katas.Session.01\Katas.Session.01\MinMaxKata.cs:line 17&#xD;
   at Katas.Session._01.Test.MinMaxKataTest.ComputeMinMaxTest(String input, String expected) in C:\Users\sbereiziat\Source\Repos\dotnet-challenge-kata-session-01\Katas.Session.01\katas.session.01.test\MinMaxKataTest.cs:line 14&#xD;
   at InvokeStub_MinMaxKataTest.ComputeMinMaxTest(Object, Span`1)&#xD;
   at System.Reflection.MethodBaseInvoker.InvokeWithFewArgs(Object obj, BindingFlags invokeAttr, Binder binder, Object[] parameters, CultureInfo culture)
</StackTrace>
        </ErrorInfo>
      </Output>
    </UnitTestResult>
  </Results>
  <TestDefinitions>
    <UnitTest name="NegativeOddTest(-1)" storage="c:\users\sbereiziat\source\repos\dotnet-challenge-kata-session-01\katas.session.01\katas.session.01.test\bin\debug\net8.0\katas.session.01.test.dll" id="b340dc6f-9ffc-490c-e043-bf0f3c78db88">
      <Execution id="70048539-59e6-42cb-b398-2aa3f98ffa81" />
      <TestMethod codeBase="C:\Users\sbereiziat\Source\Repos\dotnet-challenge-kata-session-01\Katas.Session.01\katas.session.01.test\bin\Debug\net8.0\Katas.Session.01.Test.dll" adapterTypeName="executor://nunit3testexecutor/" className="Katas.Session._01.Test.EvenOddKataTest" name="NegativeOddTest(-1)" />
    </UnitTest>
    <UnitTest name="PositiveOddTest(1)" storage="c:\users\sbereiziat\source\repos\dotnet-challenge-kata-session-01\katas.session.01\katas.session.01.test\bin\debug\net8.0\katas.session.01.test.dll" id="1779f1ed-c5ee-385b-6688-665358a93321">
      <Execution id="39f16051-fb9c-441d-a54f-1e22ddb8f7e5" />
      <TestMethod codeBase="C:\Users\sbereiziat\Source\Repos\dotnet-challenge-kata-session-01\Katas.Session.01\katas.session.01.test\bin\Debug\net8.0\Katas.Session.01.Test.dll" adapterTypeName="executor://nunit3testexecutor/" className="Katas.Session._01.Test.EvenOddKataTest" name="PositiveOddTest(1)" />
    </UnitTest>
    <UnitTest name="SumMultiplesBelow(2,0)" storage="c:\users\sbereiziat\source\repos\dotnet-challenge-kata-session-01\katas.session.01\katas.session.01.test\bin\debug\net8.0\katas.session.01.test.dll" id="3b358dac-a42d-0b47-7a51-d3cc4c3a3b0d">
      <Execution id="c35f6066-678e-465e-81ff-01359728b141" />
      <TestMethod codeBase="C:\Users\sbereiziat\Source\Repos\dotnet-challenge-kata-session-01\Katas.Session.01\katas.session.01.test\bin\Debug\net8.0\Katas.Session.01.Test.dll" adapterTypeName="executor://nunit3testexecutor/" className="Katas.Session._01.Test.MultipleKataTest" name="SumMultiplesBelow(2,0)" />
    </UnitTest>
    <UnitTest name="ComputeMinMaxTest(&quot;1 2 3&quot;,&quot;3 1&quot;)" storage="c:\users\sbereiziat\source\repos\dotnet-challenge-kata-session-01\katas.session.01\katas.session.01.test\bin\debug\net8.0\katas.session.01.test.dll" id="a08c30b3-b67c-808a-b83c-32648d07de90">
      <Execution id="12495817-51cf-480a-bc67-5cb26fe4e12a" />
      <TestMethod codeBase="C:\Users\sbereiziat\Source\Repos\dotnet-challenge-kata-session-01\Katas.Session.01\katas.session.01.test\bin\Debug\net8.0\Katas.Session.01.Test.dll" adapterTypeName="executor://nunit3testexecutor/" className="Katas.Session._01.Test.MinMaxKataTest" name="ComputeMinMaxTest(&quot;1 2 3&quot;,&quot;3 1&quot;)" />
    </UnitTest>
    <UnitTest name="SumMultiplesBelow(10,23)" storage="c:\users\sbereiziat\source\repos\dotnet-challenge-kata-session-01\katas.session.01\katas.session.01.test\bin\debug\net8.0\katas.session.01.test.dll" id="21a33686-5f6a-6667-1f47-f4937c8e479b">
      <Execution id="61f1c93b-14e7-4cd8-a9a1-916a31e32086" />
      <TestMethod codeBase="C:\Users\sbereiziat\Source\Repos\dotnet-challenge-kata-session-01\Katas.Session.01\katas.session.01.test\bin\Debug\net8.0\Katas.Session.01.Test.dll" adapterTypeName="executor://nunit3testexecutor/" className="Katas.Session._01.Test.MultipleKataTest" name="SumMultiplesBelow(10,23)" />
    </UnitTest>
    <UnitTest name="PositiveOddTest(7)" storage="c:\users\sbereiziat\source\repos\dotnet-challenge-kata-session-01\katas.session.01\katas.session.01.test\bin\debug\net8.0\katas.session.01.test.dll" id="3ca3c1e4-8ae2-0f9e-49fe-3f8d5e10dad4">
      <Execution id="d762c8b8-f07e-4e2b-84fe-6c952e1ecdf0" />
      <TestMethod codeBase="C:\Users\sbereiziat\Source\Repos\dotnet-challenge-kata-session-01\Katas.Session.01\katas.session.01.test\bin\Debug\net8.0\Katas.Session.01.Test.dll" adapterTypeName="executor://nunit3testexecutor/" className="Katas.Session._01.Test.EvenOddKataTest" name="PositiveOddTest(7)" />
    </UnitTest>
    <UnitTest name="ZeroIsEvenTest" storage="c:\users\sbereiziat\source\repos\dotnet-challenge-kata-session-01\katas.session.01\katas.session.01.test\bin\debug\net8.0\katas.session.01.test.dll" id="627c1473-3190-fed7-4956-baa8983d7cff">
      <Execution id="3045af42-45b5-4ae5-85e3-ea7114ff187f" />
      <TestMethod codeBase="C:\Users\sbereiziat\Source\Repos\dotnet-challenge-kata-session-01\Katas.Session.01\katas.session.01.test\bin\Debug\net8.0\Katas.Session.01.Test.dll" adapterTypeName="executor://nunit3testexecutor/" className="Katas.Session._01.Test.EvenOddKataTest" name="ZeroIsEvenTest" />
    </UnitTest>
    <UnitTest name="ReverseWordTest(&quot;Hello World&quot;,&quot;World Hello&quot;)" storage="c:\users\sbereiziat\source\repos\dotnet-challenge-kata-session-01\katas.session.01\katas.session.01.test\bin\debug\net8.0\katas.session.01.test.dll" id="52cf92fa-5962-b025-9ce0-9c62e763192b">
      <Execution id="383f1e23-8344-4dd3-9852-cf7fcdaf2d9b" />
      <TestMethod codeBase="C:\Users\sbereiziat\Source\Repos\dotnet-challenge-kata-session-01\Katas.Session.01\katas.session.01.test\bin\Debug\net8.0\Katas.Session.01.Test.dll" adapterTypeName="executor://nunit3testexecutor/" className="Katas.Session._01.Test.ReverseStringKataTest" name="ReverseWordTest(&quot;Hello World&quot;,&quot;World Hello&quot;)" />
    </UnitTest>
    <UnitTest name="SumMultiplesBelow(15,45)" storage="c:\users\sbereiziat\source\repos\dotnet-challenge-kata-session-01\katas.session.01\katas.session.01.test\bin\debug\net8.0\katas.session.01.test.dll" id="f77d222a-3348-27d1-c187-6e3f9f0b520c">
      <Execution id="6bd9a935-9bde-4175-8e4b-70250f639c7d" />
      <TestMethod codeBase="C:\Users\sbereiziat\Source\Repos\dotnet-challenge-kata-session-01\Katas.Session.01\katas.session.01.test\bin\Debug\net8.0\Katas.Session.01.Test.dll" adapterTypeName="executor://nunit3testexecutor/" className="Katas.Session._01.Test.MultipleKataTest" name="SumMultiplesBelow(15,45)" />
    </UnitTest>
    <UnitTest name="SumMultiplesBelow(8,14)" storage="c:\users\sbereiziat\source\repos\dotnet-challenge-kata-session-01\katas.session.01\katas.session.01.test\bin\debug\net8.0\katas.session.01.test.dll" id="fc11d4de-b0d1-1c1d-68fe-caef1640c414">
      <Execution id="ebf8de3b-f5f3-4606-9f70-7a6d428c8389" />
      <TestMethod codeBase="C:\Users\sbereiziat\Source\Repos\dotnet-challenge-kata-session-01\Katas.Session.01\katas.session.01.test\bin\Debug\net8.0\Katas.Session.01.Test.dll" adapterTypeName="executor://nunit3testexecutor/" className="Katas.Session._01.Test.MultipleKataTest" name="SumMultiplesBelow(8,14)" />
    </UnitTest>
    <UnitTest name="ReverseWordTest(&quot;L'hymne de nos campagnes&quot;,&quot;campagnes nos de L'hymne&quot;)" storage="c:\users\sbereiziat\source\repos\dotnet-challenge-kata-session-01\katas.session.01\katas.session.01.test\bin\debug\net8.0\katas.session.01.test.dll" id="47def0c6-3498-ef1e-0e9a-d4c16878107d">
      <Execution id="740faea7-7e52-47f0-bcb6-4a6c8e255c8d" />
      <TestMethod codeBase="C:\Users\sbereiziat\Source\Repos\dotnet-challenge-kata-session-01\Katas.Session.01\katas.session.01.test\bin\Debug\net8.0\Katas.Session.01.Test.dll" adapterTypeName="executor://nunit3testexecutor/" className="Katas.Session._01.Test.ReverseStringKataTest" name="ReverseWordTest(&quot;L'hymne de nos campagnes&quot;,&quot;campagnes nos de L'hymne&quot;)" />
    </UnitTest>
    <UnitTest name="ReverseWordTest(&quot;There. Hi&quot;,&quot;Hi There.&quot;)" storage="c:\users\sbereiziat\source\repos\dotnet-challenge-kata-session-01\katas.session.01\katas.session.01.test\bin\debug\net8.0\katas.session.01.test.dll" id="d30c91b2-fc8f-3067-b4a5-03536a4c161c">
      <Execution id="2bf130a7-72d6-4e33-8cc2-ddc4c29aa297" />
      <TestMethod codeBase="C:\Users\sbereiziat\Source\Repos\dotnet-challenge-kata-session-01\Katas.Session.01\katas.session.01.test\bin\Debug\net8.0\Katas.Session.01.Test.dll" adapterTypeName="executor://nunit3testexecutor/" className="Katas.Session._01.Test.ReverseStringKataTest" name="ReverseWordTest(&quot;There. Hi&quot;,&quot;Hi There.&quot;)" />
    </UnitTest>
    <UnitTest name="ReverseWordTest(&quot;thrones of game A&quot;,&quot;A game of thrones&quot;)" storage="c:\users\sbereiziat\source\repos\dotnet-challenge-kata-session-01\katas.session.01\katas.session.01.test\bin\debug\net8.0\katas.session.01.test.dll" id="fc361f04-2e77-9345-dc9a-c0ae25f353b0">
      <Execution id="b5d28c1d-0ed2-475c-be6f-ba7817f10bc6" />
      <TestMethod codeBase="C:\Users\sbereiziat\Source\Repos\dotnet-challenge-kata-session-01\Katas.Session.01\katas.session.01.test\bin\Debug\net8.0\Katas.Session.01.Test.dll" adapterTypeName="executor://nunit3testexecutor/" className="Katas.Session._01.Test.ReverseStringKataTest" name="ReverseWordTest(&quot;thrones of game A&quot;,&quot;A game of thrones&quot;)" />
    </UnitTest>
    <UnitTest name="PositiveEvenTest(42)" storage="c:\users\sbereiziat\source\repos\dotnet-challenge-kata-session-01\katas.session.01\katas.session.01.test\bin\debug\net8.0\katas.session.01.test.dll" id="b0462b24-a432-4aa8-673b-28fb9bcd2cd2">
      <Execution id="f308f881-2af8-4c60-a0b6-a9f0dd73ccc7" />
      <TestMethod codeBase="C:\Users\sbereiziat\Source\Repos\dotnet-challenge-kata-session-01\Katas.Session.01\katas.session.01.test\bin\Debug\net8.0\Katas.Session.01.Test.dll" adapterTypeName="executor://nunit3testexecutor/" className="Katas.Session._01.Test.EvenOddKataTest" name="PositiveEvenTest(42)" />
    </UnitTest>
    <UnitTest name="ComputeMinMaxTest(&quot;-21 -20 -6 70 -7&quot;,&quot;70 -21&quot;)" storage="c:\users\sbereiziat\source\repos\dotnet-challenge-kata-session-01\katas.session.01\katas.session.01.test\bin\debug\net8.0\katas.session.01.test.dll" id="40b625bb-e8d4-1859-67f4-86f1b245359e">
      <Execution id="246e2ae0-5a55-4611-ac7e-880038f26091" />
      <TestMethod codeBase="C:\Users\sbereiziat\Source\Repos\dotnet-challenge-kata-session-01\Katas.Session.01\katas.session.01.test\bin\Debug\net8.0\Katas.Session.01.Test.dll" adapterTypeName="executor://nunit3testexecutor/" className="Katas.Session._01.Test.MinMaxKataTest" name="ComputeMinMaxTest(&quot;-21 -20 -6 70 -7&quot;,&quot;70 -21&quot;)" />
    </UnitTest>
    <UnitTest name="SumMultiplesBelow(0,0)" storage="c:\users\sbereiziat\source\repos\dotnet-challenge-kata-session-01\katas.session.01\katas.session.01.test\bin\debug\net8.0\katas.session.01.test.dll" id="a46ec870-a882-e175-b73d-4da54a764466">
      <Execution id="8d03af59-0652-46ed-96c0-1fa46e550942" />
      <TestMethod codeBase="C:\Users\sbereiziat\Source\Repos\dotnet-challenge-kata-session-01\Katas.Session.01\katas.session.01.test\bin\Debug\net8.0\Katas.Session.01.Test.dll" adapterTypeName="executor://nunit3testexecutor/" className="Katas.Session._01.Test.MultipleKataTest" name="SumMultiplesBelow(0,0)" />
    </UnitTest>
    <UnitTest name="SumMultiplesBelow(20,78)" storage="c:\users\sbereiziat\source\repos\dotnet-challenge-kata-session-01\katas.session.01\katas.session.01.test\bin\debug\net8.0\katas.session.01.test.dll" id="e28f2492-0aad-6fad-7143-714e599eada8">
      <Execution id="afc47fe4-e92f-4988-84b7-a67a8c375593" />
      <TestMethod codeBase="C:\Users\sbereiziat\Source\Repos\dotnet-challenge-kata-session-01\Katas.Session.01\katas.session.01.test\bin\Debug\net8.0\Katas.Session.01.Test.dll" adapterTypeName="executor://nunit3testexecutor/" className="Katas.Session._01.Test.MultipleKataTest" name="SumMultiplesBelow(20,78)" />
    </UnitTest>
    <UnitTest name="TestCase(&quot;skyr&quot;,0)" storage="c:\users\sbereiziat\source\repos\dotnet-challenge-kata-session-01\katas.session.01\katas.session.01.test\bin\debug\net8.0\katas.session.01.test.dll" id="2c0cf768-31a7-f8a6-dd7d-dc118fb6523e">
      <Execution id="1c54a03c-5575-4f34-ad48-4d582590172f" />
      <TestMethod codeBase="C:\Users\sbereiziat\Source\Repos\dotnet-challenge-kata-session-01\Katas.Session.01\katas.session.01.test\bin\Debug\net8.0\Katas.Session.01.Test.dll" adapterTypeName="executor://nunit3testexecutor/" className="Katas.Session._01.Test.VowelsKataTest" name="TestCase(&quot;skyr&quot;,0)" />
    </UnitTest>
    <UnitTest name="SumMultiplesBelow(13,45)" storage="c:\users\sbereiziat\source\repos\dotnet-challenge-kata-session-01\katas.session.01\katas.session.01.test\bin\debug\net8.0\katas.session.01.test.dll" id="15e1d935-1f9d-54d1-c534-daaf22b6d97c">
      <Execution id="3a6603fb-3809-4fb4-a806-8fcb4d03a400" />
      <TestMethod codeBase="C:\Users\sbereiziat\Source\Repos\dotnet-challenge-kata-session-01\Katas.Session.01\katas.session.01.test\bin\Debug\net8.0\Katas.Session.01.Test.dll" adapterTypeName="executor://nunit3testexecutor/" className="Katas.Session._01.Test.MultipleKataTest" name="SumMultiplesBelow(13,45)" />
    </UnitTest>
    <UnitTest name="TestCase(&quot;rayon&quot;,2)" storage="c:\users\sbereiziat\source\repos\dotnet-challenge-kata-session-01\katas.session.01\katas.session.01.test\bin\debug\net8.0\katas.session.01.test.dll" id="982be789-f5fb-4b21-9a5c-727698cea1ca">
      <Execution id="66d8a8ac-8ef9-487f-a97b-8a30ca18fd21" />
      <TestMethod codeBase="C:\Users\sbereiziat\Source\Repos\dotnet-challenge-kata-session-01\Katas.Session.01\katas.session.01.test\bin\Debug\net8.0\Katas.Session.01.Test.dll" adapterTypeName="executor://nunit3testexecutor/" className="Katas.Session._01.Test.VowelsKataTest" name="TestCase(&quot;rayon&quot;,2)" />
    </UnitTest>
    <UnitTest name="ComputeMinMaxTest(&quot;92 8 70 30 12&quot;,&quot;92 8&quot;)" storage="c:\users\sbereiziat\source\repos\dotnet-challenge-kata-session-01\katas.session.01\katas.session.01.test\bin\debug\net8.0\katas.session.01.test.dll" id="2c2d8b84-3f86-eb0e-1d49-87b351117c76">
      <Execution id="f778208b-5237-484d-9e41-bd04538156b0" />
      <TestMethod codeBase="C:\Users\sbereiziat\Source\Repos\dotnet-challenge-kata-session-01\Katas.Session.01\katas.session.01.test\bin\Debug\net8.0\Katas.Session.01.Test.dll" adapterTypeName="executor://nunit3testexecutor/" className="Katas.Session._01.Test.MinMaxKataTest" name="ComputeMinMaxTest(&quot;92 8 70 30 12&quot;,&quot;92 8&quot;)" />
    </UnitTest>
    <UnitTest name="ComputeMinMaxTest(&quot;43 20 31 -45 93&quot;,&quot;93 -45&quot;)" storage="c:\users\sbereiziat\source\repos\dotnet-challenge-kata-session-01\katas.session.01\katas.session.01.test\bin\debug\net8.0\katas.session.01.test.dll" id="3d8dec6a-7eee-d6d7-1499-746332efeb14">
      <Execution id="af9fa028-876d-4530-9a35-f36340f9c72f" />
      <TestMethod codeBase="C:\Users\sbereiziat\Source\Repos\dotnet-challenge-kata-session-01\Katas.Session.01\katas.session.01.test\bin\Debug\net8.0\Katas.Session.01.Test.dll" adapterTypeName="executor://nunit3testexecutor/" className="Katas.Session._01.Test.MinMaxKataTest" name="ComputeMinMaxTest(&quot;43 20 31 -45 93&quot;,&quot;93 -45&quot;)" />
    </UnitTest>
    <UnitTest name="NegativeOddTest(-7)" storage="c:\users\sbereiziat\source\repos\dotnet-challenge-kata-session-01\katas.session.01\katas.session.01.test\bin\debug\net8.0\katas.session.01.test.dll" id="63a19c50-ddb6-ead2-b1f1-403d96560d5d">
      <Execution id="e3d3fcd2-9a22-4aa9-b19e-44bb98b33782" />
      <TestMethod codeBase="C:\Users\sbereiziat\Source\Repos\dotnet-challenge-kata-session-01\Katas.Session.01\katas.session.01.test\bin\Debug\net8.0\Katas.Session.01.Test.dll" adapterTypeName="executor://nunit3testexecutor/" className="Katas.Session._01.Test.EvenOddKataTest" name="NegativeOddTest(-7)" />
    </UnitTest>
    <UnitTest name="ReverseWordTest(&quot;I am an expert at this&quot;,&quot;this at expert an am I&quot;)" storage="c:\users\sbereiziat\source\repos\dotnet-challenge-kata-session-01\katas.session.01\katas.session.01.test\bin\debug\net8.0\katas.session.01.test.dll" id="e1258a44-2af4-f288-2335-cf3ebc46dab6">
      <Execution id="04e1e179-e482-4fc9-acde-95383e55fd85" />
      <TestMethod codeBase="C:\Users\sbereiziat\Source\Repos\dotnet-challenge-kata-session-01\Katas.Session.01\katas.session.01.test\bin\Debug\net8.0\Katas.Session.01.Test.dll" adapterTypeName="executor://nunit3testexecutor/" className="Katas.Session._01.Test.ReverseStringKataTest" name="ReverseWordTest(&quot;I am an expert at this&quot;,&quot;this at expert an am I&quot;)" />
    </UnitTest>
    <UnitTest name="PositiveEvenTest(2)" storage="c:\users\sbereiziat\source\repos\dotnet-challenge-kata-session-01\katas.session.01\katas.session.01.test\bin\debug\net8.0\katas.session.01.test.dll" id="b3c6c7de-fdcd-64e4-0cb7-40ec699e9e54">
      <Execution id="6d909b63-8cad-45ed-a2b1-d0deaaa86c69" />
      <TestMethod codeBase="C:\Users\sbereiziat\Source\Repos\dotnet-challenge-kata-session-01\Katas.Session.01\katas.session.01.test\bin\Debug\net8.0\Katas.Session.01.Test.dll" adapterTypeName="executor://nunit3testexecutor/" className="Katas.Session._01.Test.EvenOddKataTest" name="PositiveEvenTest(2)" />
    </UnitTest>
    <UnitTest name="TestCase(&quot;transatlantique&quot;,6)" storage="c:\users\sbereiziat\source\repos\dotnet-challenge-kata-session-01\katas.session.01\katas.session.01.test\bin\debug\net8.0\katas.session.01.test.dll" id="6eee214f-7716-45cb-53a1-48b743f4ebf3">
      <Execution id="435f30c9-e0cb-4948-b132-b78ededa0d91" />
      <TestMethod codeBase="C:\Users\sbereiziat\Source\Repos\dotnet-challenge-kata-session-01\Katas.Session.01\katas.session.01.test\bin\Debug\net8.0\Katas.Session.01.Test.dll" adapterTypeName="executor://nunit3testexecutor/" className="Katas.Session._01.Test.VowelsKataTest" name="TestCase(&quot;transatlantique&quot;,6)" />
    </UnitTest>
    <UnitTest name="NegativeEvenTest(-2)" storage="c:\users\sbereiziat\source\repos\dotnet-challenge-kata-session-01\katas.session.01\katas.session.01.test\bin\debug\net8.0\katas.session.01.test.dll" id="b099626a-07ed-ca16-e547-15698d940428">
      <Execution id="2ed37bf0-7173-4f53-a830-1fdda5745038" />
      <TestMethod codeBase="C:\Users\sbereiziat\Source\Repos\dotnet-challenge-kata-session-01\Katas.Session.01\katas.session.01.test\bin\Debug\net8.0\Katas.Session.01.Test.dll" adapterTypeName="executor://nunit3testexecutor/" className="Katas.Session._01.Test.EvenOddKataTest" name="NegativeEvenTest(-2)" />
    </UnitTest>
    <UnitTest name="ComputeMinMaxTest(&quot;8 3 -5 42 -1 0 0 -9 4 7 4 -4&quot;,&quot;42 -9&quot;)" storage="c:\users\sbereiziat\source\repos\dotnet-challenge-kata-session-01\katas.session.01\katas.session.01.test\bin\debug\net8.0\katas.session.01.test.dll" id="288450e0-cba2-d0b4-5940-ca946ab53c9d">
      <Execution id="052a986c-ae82-4de1-87bd-9da7405085d5" />
      <TestMethod codeBase="C:\Users\sbereiziat\Source\Repos\dotnet-challenge-kata-session-01\Katas.Session.01\katas.session.01.test\bin\Debug\net8.0\Katas.Session.01.Test.dll" adapterTypeName="executor://nunit3testexecutor/" className="Katas.Session._01.Test.MinMaxKataTest" name="ComputeMinMaxTest(&quot;8 3 -5 42 -1 0 0 -9 4 7 4 -4&quot;,&quot;42 -9&quot;)" />
    </UnitTest>
    <UnitTest name="TestCase(&quot;chandail&quot;,3)" storage="c:\users\sbereiziat\source\repos\dotnet-challenge-kata-session-01\katas.session.01\katas.session.01.test\bin\debug\net8.0\katas.session.01.test.dll" id="6d5f6542-de52-3c25-65b1-c5d75cf46226">
      <Execution id="ce9f26e2-6bc7-425e-9096-f842b50ed954" />
      <TestMethod codeBase="C:\Users\sbereiziat\Source\Repos\dotnet-challenge-kata-session-01\Katas.Session.01\katas.session.01.test\bin\Debug\net8.0\Katas.Session.01.Test.dll" adapterTypeName="executor://nunit3testexecutor/" className="Katas.Session._01.Test.VowelsKataTest" name="TestCase(&quot;chandail&quot;,3)" />
    </UnitTest>
    <UnitTest name="TestCase(&quot;clignotement&quot;,4)" storage="c:\users\sbereiziat\source\repos\dotnet-challenge-kata-session-01\katas.session.01\katas.session.01.test\bin\debug\net8.0\katas.session.01.test.dll" id="227cfdb0-700a-4835-7719-513f0523ef66">
      <Execution id="1546c648-44e1-499c-bdc7-92195adc30fe" />
      <TestMethod codeBase="C:\Users\sbereiziat\Source\Repos\dotnet-challenge-kata-session-01\Katas.Session.01\katas.session.01.test\bin\Debug\net8.0\Katas.Session.01.Test.dll" adapterTypeName="executor://nunit3testexecutor/" className="Katas.Session._01.Test.VowelsKataTest" name="TestCase(&quot;clignotement&quot;,4)" />
    </UnitTest>
    <UnitTest name="ComputeMinMaxTest(&quot;-33 68 15 52 -49&quot;,&quot;68 -49&quot;)" storage="c:\users\sbereiziat\source\repos\dotnet-challenge-kata-session-01\katas.session.01\katas.session.01.test\bin\debug\net8.0\katas.session.01.test.dll" id="80b7bd27-8bec-73e1-d3fa-0c77ec12425e">
      <Execution id="03ed07ad-9cbf-45af-85a7-56dac6b247e7" />
      <TestMethod codeBase="C:\Users\sbereiziat\Source\Repos\dotnet-challenge-kata-session-01\Katas.Session.01\katas.session.01.test\bin\Debug\net8.0\Katas.Session.01.Test.dll" adapterTypeName="executor://nunit3testexecutor/" className="Katas.Session._01.Test.MinMaxKataTest" name="ComputeMinMaxTest(&quot;-33 68 15 52 -49&quot;,&quot;68 -49&quot;)" />
    </UnitTest>
    <UnitTest name="TestCase(&quot;tourista&quot;,4)" storage="c:\users\sbereiziat\source\repos\dotnet-challenge-kata-session-01\katas.session.01\katas.session.01.test\bin\debug\net8.0\katas.session.01.test.dll" id="395c816a-8bde-585a-c184-e326b6a9ab73">
      <Execution id="fab2ad14-bae2-4348-8e5a-be17b035e5b3" />
      <TestMethod codeBase="C:\Users\sbereiziat\Source\Repos\dotnet-challenge-kata-session-01\Katas.Session.01\katas.session.01.test\bin\Debug\net8.0\Katas.Session.01.Test.dll" adapterTypeName="executor://nunit3testexecutor/" className="Katas.Session._01.Test.VowelsKataTest" name="TestCase(&quot;tourista&quot;,4)" />
    </UnitTest>
    <UnitTest name="SumMultiplesBelow(200,9168)" storage="c:\users\sbereiziat\source\repos\dotnet-challenge-kata-session-01\katas.session.01\katas.session.01.test\bin\debug\net8.0\katas.session.01.test.dll" id="946cac8a-2444-db1c-b2a8-30349d43a95d">
      <Execution id="06e6d373-07bf-47b1-96c9-71e2a6c6c1ef" />
      <TestMethod codeBase="C:\Users\sbereiziat\Source\Repos\dotnet-challenge-kata-session-01\Katas.Session.01\katas.session.01.test\bin\Debug\net8.0\Katas.Session.01.Test.dll" adapterTypeName="executor://nunit3testexecutor/" className="Katas.Session._01.Test.MultipleKataTest" name="SumMultiplesBelow(200,9168)" />
    </UnitTest>
    <UnitTest name="NegativeEvenTest(-42)" storage="c:\users\sbereiziat\source\repos\dotnet-challenge-kata-session-01\katas.session.01\katas.session.01.test\bin\debug\net8.0\katas.session.01.test.dll" id="a23becaa-8844-8152-d67e-53559c04e557">
      <Execution id="1ffd73eb-58dd-4673-8495-ad41115f559d" />
      <TestMethod codeBase="C:\Users\sbereiziat\Source\Repos\dotnet-challenge-kata-session-01\Katas.Session.01\katas.session.01.test\bin\Debug\net8.0\Katas.Session.01.Test.dll" adapterTypeName="executor://nunit3testexecutor/" className="Katas.Session._01.Test.EvenOddKataTest" name="NegativeEvenTest(-42)" />
    </UnitTest>
    <UnitTest name="ReverseWordTest(&quot;Yes we can!&quot;,&quot;can! we Yes&quot;)" storage="c:\users\sbereiziat\source\repos\dotnet-challenge-kata-session-01\katas.session.01\katas.session.01.test\bin\debug\net8.0\katas.session.01.test.dll" id="46e1b543-2c66-dabd-b76a-0374a9903dae">
      <Execution id="c0351359-2e0d-4926-bac8-81e163128765" />
      <TestMethod codeBase="C:\Users\sbereiziat\Source\Repos\dotnet-challenge-kata-session-01\Katas.Session.01\katas.session.01.test\bin\Debug\net8.0\Katas.Session.01.Test.dll" adapterTypeName="executor://nunit3testexecutor/" className="Katas.Session._01.Test.ReverseStringKataTest" name="ReverseWordTest(&quot;Yes we can!&quot;,&quot;can! we Yes&quot;)" />
    </UnitTest>
    <UnitTest name="SumMultiplesBelow(-15,0)" storage="c:\users\sbereiziat\source\repos\dotnet-challenge-kata-session-01\katas.session.01\katas.session.01.test\bin\debug\net8.0\katas.session.01.test.dll" id="f2e2bda2-ce51-4c1d-271f-71538a57d84d">
      <Execution id="d5fbbb64-cdd4-4ad9-8fe7-0b8075854113" />
      <TestMethod codeBase="C:\Users\sbereiziat\Source\Repos\dotnet-challenge-kata-session-01\Katas.Session.01\katas.session.01.test\bin\Debug\net8.0\Katas.Session.01.Test.dll" adapterTypeName="executor://nunit3testexecutor/" className="Katas.Session._01.Test.MultipleKataTest" name="SumMultiplesBelow(-15,0)" />
    </UnitTest>
    <UnitTest name="ComputeMinMaxTest(&quot;73 -28 -18 27 23 -36&quot;,&quot;73 -36&quot;)" storage="c:\users\sbereiziat\source\repos\dotnet-challenge-kata-session-01\katas.session.01\katas.session.01.test\bin\debug\net8.0\katas.session.01.test.dll" id="22b7b4d8-ec29-6183-842b-faa8aceeab54">
      <Execution id="a4634954-07d4-43c0-88b5-a88beae1ea9a" />
      <TestMethod codeBase="C:\Users\sbereiziat\Source\Repos\dotnet-challenge-kata-session-01\Katas.Session.01\katas.session.01.test\bin\Debug\net8.0\Katas.Session.01.Test.dll" adapterTypeName="executor://nunit3testexecutor/" className="Katas.Session._01.Test.MinMaxKataTest" name="ComputeMinMaxTest(&quot;73 -28 -18 27 23 -36&quot;,&quot;73 -36&quot;)" />
    </UnitTest>
    <UnitTest name="ReverseWordTest(&quot;survive to Drive&quot;,&quot;Drive to survive&quot;)" storage="c:\users\sbereiziat\source\repos\dotnet-challenge-kata-session-01\katas.session.01\katas.session.01.test\bin\debug\net8.0\katas.session.01.test.dll" id="70f596d3-083a-01db-aabf-4ab5a6a1f62b">
      <Execution id="3d6b80f5-07b3-4489-bf7c-c5108e8146c8" />
      <TestMethod codeBase="C:\Users\sbereiziat\Source\Repos\dotnet-challenge-kata-session-01\Katas.Session.01\katas.session.01.test\bin\Debug\net8.0\Katas.Session.01.Test.dll" adapterTypeName="executor://nunit3testexecutor/" className="Katas.Session._01.Test.ReverseStringKataTest" name="ReverseWordTest(&quot;survive to Drive&quot;,&quot;Drive to survive&quot;)" />
    </UnitTest>
  </TestDefinitions>
  <TestEntries>
    <TestEntry testId="3ca3c1e4-8ae2-0f9e-49fe-3f8d5e10dad4" executionId="d762c8b8-f07e-4e2b-84fe-6c952e1ecdf0" testListId="8c84fa94-04c1-424b-9868-57a2d4851a1d" />
    <TestEntry testId="e1258a44-2af4-f288-2335-cf3ebc46dab6" executionId="04e1e179-e482-4fc9-acde-95383e55fd85" testListId="8c84fa94-04c1-424b-9868-57a2d4851a1d" />
    <TestEntry testId="288450e0-cba2-d0b4-5940-ca946ab53c9d" executionId="052a986c-ae82-4de1-87bd-9da7405085d5" testListId="8c84fa94-04c1-424b-9868-57a2d4851a1d" />
    <TestEntry testId="fc11d4de-b0d1-1c1d-68fe-caef1640c414" executionId="ebf8de3b-f5f3-4606-9f70-7a6d428c8389" testListId="8c84fa94-04c1-424b-9868-57a2d4851a1d" />
    <TestEntry testId="b0462b24-a432-4aa8-673b-28fb9bcd2cd2" executionId="f308f881-2af8-4c60-a0b6-a9f0dd73ccc7" testListId="8c84fa94-04c1-424b-9868-57a2d4851a1d" />
    <TestEntry testId="80b7bd27-8bec-73e1-d3fa-0c77ec12425e" executionId="03ed07ad-9cbf-45af-85a7-56dac6b247e7" testListId="8c84fa94-04c1-424b-9868-57a2d4851a1d" />
    <TestEntry testId="47def0c6-3498-ef1e-0e9a-d4c16878107d" executionId="740faea7-7e52-47f0-bcb6-4a6c8e255c8d" testListId="8c84fa94-04c1-424b-9868-57a2d4851a1d" />
    <TestEntry testId="b099626a-07ed-ca16-e547-15698d940428" executionId="2ed37bf0-7173-4f53-a830-1fdda5745038" testListId="8c84fa94-04c1-424b-9868-57a2d4851a1d" />
    <TestEntry testId="946cac8a-2444-db1c-b2a8-30349d43a95d" executionId="06e6d373-07bf-47b1-96c9-71e2a6c6c1ef" testListId="8c84fa94-04c1-424b-9868-57a2d4851a1d" />
    <TestEntry testId="a23becaa-8844-8152-d67e-53559c04e557" executionId="1ffd73eb-58dd-4673-8495-ad41115f559d" testListId="8c84fa94-04c1-424b-9868-57a2d4851a1d" />
    <TestEntry testId="b3c6c7de-fdcd-64e4-0cb7-40ec699e9e54" executionId="6d909b63-8cad-45ed-a2b1-d0deaaa86c69" testListId="8c84fa94-04c1-424b-9868-57a2d4851a1d" />
    <TestEntry testId="395c816a-8bde-585a-c184-e326b6a9ab73" executionId="fab2ad14-bae2-4348-8e5a-be17b035e5b3" testListId="8c84fa94-04c1-424b-9868-57a2d4851a1d" />
    <TestEntry testId="227cfdb0-700a-4835-7719-513f0523ef66" executionId="1546c648-44e1-499c-bdc7-92195adc30fe" testListId="8c84fa94-04c1-424b-9868-57a2d4851a1d" />
    <TestEntry testId="40b625bb-e8d4-1859-67f4-86f1b245359e" executionId="246e2ae0-5a55-4611-ac7e-880038f26091" testListId="8c84fa94-04c1-424b-9868-57a2d4851a1d" />
    <TestEntry testId="63a19c50-ddb6-ead2-b1f1-403d96560d5d" executionId="e3d3fcd2-9a22-4aa9-b19e-44bb98b33782" testListId="8c84fa94-04c1-424b-9868-57a2d4851a1d" />
    <TestEntry testId="a46ec870-a882-e175-b73d-4da54a764466" executionId="8d03af59-0652-46ed-96c0-1fa46e550942" testListId="8c84fa94-04c1-424b-9868-57a2d4851a1d" />
    <TestEntry testId="6eee214f-7716-45cb-53a1-48b743f4ebf3" executionId="435f30c9-e0cb-4948-b132-b78ededa0d91" testListId="8c84fa94-04c1-424b-9868-57a2d4851a1d" />
    <TestEntry testId="f2e2bda2-ce51-4c1d-271f-71538a57d84d" executionId="d5fbbb64-cdd4-4ad9-8fe7-0b8075854113" testListId="8c84fa94-04c1-424b-9868-57a2d4851a1d" />
    <TestEntry testId="2c2d8b84-3f86-eb0e-1d49-87b351117c76" executionId="f778208b-5237-484d-9e41-bd04538156b0" testListId="8c84fa94-04c1-424b-9868-57a2d4851a1d" />
    <TestEntry testId="2c0cf768-31a7-f8a6-dd7d-dc118fb6523e" executionId="1c54a03c-5575-4f34-ad48-4d582590172f" testListId="8c84fa94-04c1-424b-9868-57a2d4851a1d" />
    <TestEntry testId="3d8dec6a-7eee-d6d7-1499-746332efeb14" executionId="af9fa028-876d-4530-9a35-f36340f9c72f" testListId="8c84fa94-04c1-424b-9868-57a2d4851a1d" />
    <TestEntry testId="d30c91b2-fc8f-3067-b4a5-03536a4c161c" executionId="2bf130a7-72d6-4e33-8cc2-ddc4c29aa297" testListId="8c84fa94-04c1-424b-9868-57a2d4851a1d" />
    <TestEntry testId="e28f2492-0aad-6fad-7143-714e599eada8" executionId="afc47fe4-e92f-4988-84b7-a67a8c375593" testListId="8c84fa94-04c1-424b-9868-57a2d4851a1d" />
    <TestEntry testId="fc361f04-2e77-9345-dc9a-c0ae25f353b0" executionId="b5d28c1d-0ed2-475c-be6f-ba7817f10bc6" testListId="8c84fa94-04c1-424b-9868-57a2d4851a1d" />
    <TestEntry testId="3b358dac-a42d-0b47-7a51-d3cc4c3a3b0d" executionId="c35f6066-678e-465e-81ff-01359728b141" testListId="8c84fa94-04c1-424b-9868-57a2d4851a1d" />
    <TestEntry testId="52cf92fa-5962-b025-9ce0-9c62e763192b" executionId="383f1e23-8344-4dd3-9852-cf7fcdaf2d9b" testListId="8c84fa94-04c1-424b-9868-57a2d4851a1d" />
    <TestEntry testId="21a33686-5f6a-6667-1f47-f4937c8e479b" executionId="61f1c93b-14e7-4cd8-a9a1-916a31e32086" testListId="8c84fa94-04c1-424b-9868-57a2d4851a1d" />
    <TestEntry testId="1779f1ed-c5ee-385b-6688-665358a93321" executionId="39f16051-fb9c-441d-a54f-1e22ddb8f7e5" testListId="8c84fa94-04c1-424b-9868-57a2d4851a1d" />
    <TestEntry testId="15e1d935-1f9d-54d1-c534-daaf22b6d97c" executionId="3a6603fb-3809-4fb4-a806-8fcb4d03a400" testListId="8c84fa94-04c1-424b-9868-57a2d4851a1d" />
    <TestEntry testId="22b7b4d8-ec29-6183-842b-faa8aceeab54" executionId="a4634954-07d4-43c0-88b5-a88beae1ea9a" testListId="8c84fa94-04c1-424b-9868-57a2d4851a1d" />
    <TestEntry testId="b340dc6f-9ffc-490c-e043-bf0f3c78db88" executionId="70048539-59e6-42cb-b398-2aa3f98ffa81" testListId="8c84fa94-04c1-424b-9868-57a2d4851a1d" />
    <TestEntry testId="982be789-f5fb-4b21-9a5c-727698cea1ca" executionId="66d8a8ac-8ef9-487f-a97b-8a30ca18fd21" testListId="8c84fa94-04c1-424b-9868-57a2d4851a1d" />
    <TestEntry testId="46e1b543-2c66-dabd-b76a-0374a9903dae" executionId="c0351359-2e0d-4926-bac8-81e163128765" testListId="8c84fa94-04c1-424b-9868-57a2d4851a1d" />
    <TestEntry testId="70f596d3-083a-01db-aabf-4ab5a6a1f62b" executionId="3d6b80f5-07b3-4489-bf7c-c5108e8146c8" testListId="8c84fa94-04c1-424b-9868-57a2d4851a1d" />
    <TestEntry testId="627c1473-3190-fed7-4956-baa8983d7cff" executionId="3045af42-45b5-4ae5-85e3-ea7114ff187f" testListId="8c84fa94-04c1-424b-9868-57a2d4851a1d" />
    <TestEntry testId="6d5f6542-de52-3c25-65b1-c5d75cf46226" executionId="ce9f26e2-6bc7-425e-9096-f842b50ed954" testListId="8c84fa94-04c1-424b-9868-57a2d4851a1d" />
    <TestEntry testId="f77d222a-3348-27d1-c187-6e3f9f0b520c" executionId="6bd9a935-9bde-4175-8e4b-70250f639c7d" testListId="8c84fa94-04c1-424b-9868-57a2d4851a1d" />
    <TestEntry testId="a08c30b3-b67c-808a-b83c-32648d07de90" executionId="12495817-51cf-480a-bc67-5cb26fe4e12a" testListId="8c84fa94-04c1-424b-9868-57a2d4851a1d" />
  </TestEntries>
  <TestLists>
    <TestList name="Les résultats ne figurent pas dans une liste" id="8c84fa94-04c1-424b-9868-57a2d4851a1d" />
    <TestList name="Tous les résultats chargés" id="19431567-8539-422a-85d7-44ee4e166bda" />
  </TestLists>
  <ResultSummary outcome="Failed">
    <Counters total="38" executed="38" passed="0" failed="38" error="0" timeout="0" aborted="0" inconclusive="0" passedButRunAborted="0" notRunnable="0" notExecuted="0" disconnected="0" warning="0" completed="0" inProgress="0" pending="0" />
    <Output>
      <StdOut>NUnit Adapter 4.5.0.0: Test execution started&#xD;
Running all tests in C:\Users\sbereiziat\Source\Repos\dotnet-challenge-kata-session-01\Katas.Session.01\katas.session.01.test\bin\Debug\net8.0\Katas.Session.01.Test.dll&#xD;
   NUnit3TestExecutor discovered 38 of 38 NUnit test cases using Current Discovery mode, Non-Explicit run&#xD;
NUnit Adapter 4.5.0.0: Test execution complete&#xD;
</StdOut>
    </Output>
  </ResultSummary>
</TestRun>